11-03 16:47:58.237  4551  4570 I TestRunner: started: testLoginSuccess(com.example.interview.ExampleInstrumentedTest)
11-03 16:47:58.274  4551  4570 W Settings: Setting always_finish_activities has moved from android.provider.Settings.System to android.provider.Settings.Global, returning read-only value.
11-03 16:47:58.276  1638  2176 D TrafficStats: tagSocket(6) with statsTag=0x20004901, statsUid=10115
11-03 16:47:58.726   650  1276 W system_server: Long monitor contention with owner binder:650_C (1592) at android.window.TaskSnapshot com.android.server.wm.TaskSnapshotCache.getSnapshot(int, int, boolean, boolean)(TaskSnapshotCache.java:68) waiters=2 in void com.android.server.wm.ActivityClientController.activityTopResumedStateLost() for 112ms
11-03 16:47:58.761  1638  4323 D TrafficStats: tagSocket(6) with statsTag=0x20004901, statsUid=10115
11-03 16:47:58.775   868   991 D SplashScreenView: Build android.window.SplashScreenView{562dc5d V.E...... ......ID 0,0-0,0}
11-03 16:47:58.775   868   991 D SplashScreenView: Icon: view: null drawable: null size: 0
11-03 16:47:58.775   868   991 D SplashScreenView: Branding: view: android.view.View{72a59d2 G.ED..... ......I. 0,0-0,0 #10204db android:id/splashscreen_branding_view} drawable: null size w: 0 h: 0
11-03 16:47:58.930   412   412 D goldfish-address-space: claimShared: Ask to claim region [0x3f43aa000 0x3f4d8e000]
11-03 16:47:59.146   412   412 D goldfish-address-space: claimShared: Ask to claim region [0x3f4d8e000 0x3f5772000]
11-03 16:47:59.166   412   461 D goldfish-address-space: claimShared: Ask to claim region [0x3f5772000 0x3f6156000]
11-03 16:47:59.190  1205  1660 D EGL_emulation: app_time_stats: avg=6648.13ms min=6648.13ms max=6648.13ms count=1
11-03 16:47:59.310  1503  1503 I GsaVoiceInteractionSrv: Handling ACTION_STOP_HOTWORD
11-03 16:47:59.324  4551  4573 D libEGL  : loaded /vendor/lib64/egl/libEGL_emulation.so
11-03 16:47:59.330   868  1007 W Parcel  : Expecting binder but got null!
11-03 16:47:59.400  4551  4573 D libEGL  : loaded /vendor/lib64/egl/libGLESv1_CM_emulation.so
11-03 16:47:59.509  4551  4573 D libEGL  : loaded /vendor/lib64/egl/libGLESv2_emulation.so
11-03 16:47:59.707  1503  2278 E HwDetectorWithState: a: 3
11-03 16:47:59.709  1638  4461 D TrafficStats: tagSocket(6) with statsTag=0x20004901, statsUid=10115
11-03 16:47:59.728   412   461 D goldfish-address-space: claimShared: Ask to claim region [0x3f6156000 0x3f63cf000]
11-03 16:47:59.790  4551  4551 D AppCompatDelegate: Checking for metadata for AppLocalesMetadataHolderService : Service not found
11-03 16:47:59.817   650  4576 D libEGL  : loaded /vendor/lib64/egl/libEGL_emulation.so
11-03 16:47:59.819   464   485 W TransactionTracing: Could not find layer handle 0x7a456fc6d530
11-03 16:47:59.829   650  4576 D libEGL  : loaded /vendor/lib64/egl/libGLESv1_CM_emulation.so
11-03 16:47:59.846   650  4576 D libEGL  : loaded /vendor/lib64/egl/libGLESv2_emulation.so
11-03 16:47:59.862  4551  4551 D LifecycleMonitor: Lifecycle status change: com.example.interview.Login@af29197 in: PRE_ON_CREATE
11-03 16:47:59.865  4551  4551 V ActivityScenario: Activity lifecycle changed event received but ignored because the reported transition was not ON_CREATE while the last known transition was PRE_ON_CREATE
11-03 16:47:59.954   464   485 W TransactionTracing: Could not find layer handle 0x7a456fc70ad0
11-03 16:47:59.954   464   485 W TransactionTracing: Could not find layer handle 0x7a456fc70890
11-03 16:48:00.071   650  4576 D HostConnection: createUnique: call
11-03 16:48:00.075   650  4576 D HostConnection: HostConnection::get() New Host Connection established 0x7f04375d2dd0, tid 4576
11-03 16:48:00.089   650  4576 D HostConnection: HostComposition ext ANDROID_EMU_CHECKSUM_HELPER_v1 ANDROID_EMU_native_sync_v2 ANDROID_EMU_native_sync_v3 ANDROID_EMU_native_sync_v4 ANDROID_EMU_dma_v1 ANDROID_EMU_direct_mem ANDROID_EMU_host_composition_v1 ANDROID_EMU_host_composition_v2 ANDROID_EMU_vulkan ANDROID_EMU_deferred_vulkan_commands ANDROID_EMU_vulkan_null_optional_strings ANDROID_EMU_vulkan_create_resources_with_requirements ANDROID_EMU_YUV_Cache ANDROID_EMU_vulkan_ignored_handles ANDROID_EMU_has_shared_slots_host_memory_allocator ANDROID_EMU_vulkan_free_memory_sync ANDROID_EMU_vulkan_shader_float16_int8 ANDROID_EMU_vulkan_async_queue_submit ANDROID_EMU_vulkan_queue_submit_with_commands ANDROID_EMU_sync_buffer_data ANDROID_EMU_vulkan_async_qsri ANDROID_EMU_read_color_buffer_dma ANDROID_EMU_hwc_multi_configs GL_OES_EGL_image_external_essl3 GL_OES_vertex_array_object GL_KHR_texture_compression_astc_ldr ANDROID_EMU_host_side_tracing ANDROID_EMU_gles_max_version_3_1
11-03 16:48:00.099   650  4576 W OpenGLRenderer: Failed to choose config with EGL_SWAP_BEHAVIOR_PRESERVED, retrying without...
11-03 16:48:00.099   650  4576 W OpenGLRenderer: Failed to initialize 101010-2 format, error = EGL_SUCCESS
11-03 16:48:00.151   650  4576 D EGL_emulation: eglCreateContext: 0x7f04375d2c50: maj 3 min 1 rcv 4
11-03 16:48:00.172   650  4576 D EGL_emulation: eglMakeCurrent: 0x7f04375d2c50: ver 3 1 (tinfo 0x7f0651694080) (first time)
11-03 16:48:00.195   650  1278 D HostConnection: createUnique: call
11-03 16:48:00.197   650  1278 D HostConnection: HostConnection::get() New Host Connection established 0x7f04375c1790, tid 1278
11-03 16:48:00.206   868  1007 D EGL_emulation: app_time_stats: avg=3119.51ms min=78.81ms max=6160.22ms count=2
11-03 16:48:00.217   650  1278 D HostConnection: HostComposition ext ANDROID_EMU_CHECKSUM_HELPER_v1 ANDROID_EMU_native_sync_v2 ANDROID_EMU_native_sync_v3 ANDROID_EMU_native_sync_v4 ANDROID_EMU_dma_v1 ANDROID_EMU_direct_mem ANDROID_EMU_host_composition_v1 ANDROID_EMU_host_composition_v2 ANDROID_EMU_vulkan ANDROID_EMU_deferred_vulkan_commands ANDROID_EMU_vulkan_null_optional_strings ANDROID_EMU_vulkan_create_resources_with_requirements ANDROID_EMU_YUV_Cache ANDROID_EMU_vulkan_ignored_handles ANDROID_EMU_has_shared_slots_host_memory_allocator ANDROID_EMU_vulkan_free_memory_sync ANDROID_EMU_vulkan_shader_float16_int8 ANDROID_EMU_vulkan_async_queue_submit ANDROID_EMU_vulkan_queue_submit_with_commands ANDROID_EMU_sync_buffer_data ANDROID_EMU_vulkan_async_qsri ANDROID_EMU_read_color_buffer_dma ANDROID_EMU_hwc_multi_configs GL_OES_EGL_image_external_essl3 GL_OES_vertex_array_object GL_KHR_texture_compression_astc_ldr ANDROID_EMU_host_side_tracing ANDROID_EMU_gles_max_version_3_1
11-03 16:48:00.296  4551  4551 W ample.interview: Accessing hidden method Landroid/view/View;->computeFitSystemWindows(Landroid/graphics/Rect;Landroid/graphics/Rect;)Z (unsupported, reflection, allowed)
11-03 16:48:00.300  4551  4551 W ample.interview: Accessing hidden method Landroid/view/ViewGroup;->makeOptionalFitsSystemWindows()V (unsupported, reflection, allowed)
11-03 16:48:00.325   464   483 D PermissionCache: checking android.permission.READ_FRAME_BUFFER for uid=1000 => granted (937 us)
11-03 16:48:00.328   412   461 D goldfish-address-space: claimShared: Ask to claim region [0x3f63cf000 0x3f6a23000]
11-03 16:48:00.329  4551  4551 D CompatibilityChangeReporter: Compat change id reported: 210923482; UID 10174; state: ENABLED
11-03 16:48:00.475  1638  1991 D TrafficStats: tagSocket(6) with statsTag=0x20004901, statsUid=10115
11-03 16:48:00.581  4551  4551 D LifecycleMonitor: Lifecycle status change: com.example.interview.Login@af29197 in: CREATED
11-03 16:48:00.582  4551  4551 V ActivityScenario: Update currentActivityStage to CREATED, currentActivity=com.example.interview.Login@af29197
11-03 16:48:00.594  4551  4551 D LifecycleMonitor: Lifecycle status change: com.example.interview.Login@af29197 in: STARTED
11-03 16:48:00.596  4551  4551 V ActivityScenario: Update currentActivityStage to STARTED, currentActivity=com.example.interview.Login@af29197
11-03 16:48:00.602  4551  4551 D LifecycleMonitor: Lifecycle status change: com.example.interview.Login@af29197 in: RESUMED
11-03 16:48:00.603  4551  4551 V ActivityScenario: Update currentActivityStage to RESUMED, currentActivity=com.example.interview.Login@af29197
11-03 16:48:00.789  1638  2176 D TrafficStats: tagSocket(6) with statsTag=0x20004901, statsUid=10115
11-03 16:48:00.834   464   483 W ServiceManager: Permission failure: android.permission.ACCESS_SURFACE_FLINGER from uid=10174 pid=0
11-03 16:48:00.836   464   483 D PermissionCache: checking android.permission.ACCESS_SURFACE_FLINGER for uid=10174 => denied (2244 us)
11-03 16:48:00.842   464   484 W ServiceManager: Permission failure: android.permission.ACCESS_SURFACE_FLINGER from uid=10174 pid=4551
11-03 16:48:00.842   464   484 D PermissionCache: checking android.permission.ACCESS_SURFACE_FLINGER for uid=10174 => denied (8956 us)
11-03 16:48:00.846   464   483 W ServiceManager: Permission failure: android.permission.ROTATE_SURFACE_FLINGER from uid=10174 pid=0
11-03 16:48:00.846   464   483 D PermissionCache: checking android.permission.ROTATE_SURFACE_FLINGER for uid=10174 => denied (10052 us)
11-03 16:48:00.848   464   483 W ServiceManager: Permission failure: android.permission.INTERNAL_SYSTEM_WINDOW from uid=10174 pid=0
11-03 16:48:00.848   464   483 D PermissionCache: checking android.permission.INTERNAL_SYSTEM_WINDOW for uid=10174 => denied (1942 us)
11-03 16:48:00.851   464   484 W ServiceManager: Permission failure: android.permission.ROTATE_SURFACE_FLINGER from uid=10174 pid=4551
11-03 16:48:00.852   464   484 D PermissionCache: checking android.permission.ROTATE_SURFACE_FLINGER for uid=10174 => denied (10292 us)
11-03 16:48:00.859  4551  4572 D HostConnection: createUnique: call
11-03 16:48:00.863  4551  4572 D HostConnection: HostConnection::get() New Host Connection established 0x7f04375add50, tid 4572
11-03 16:48:00.877   464   485 W TransactionTracing: Could not find layer handle 0x7a456fc6ce10
11-03 16:48:00.878   464   485 W TransactionTracing: Could not find layer handle 0x7a456fc6f4b0
11-03 16:48:00.897  4551  4551 D AutofillManager: Trigger fill request at view entered
11-03 16:48:00.908  4551  4572 D HostConnection: HostComposition ext ANDROID_EMU_CHECKSUM_HELPER_v1 ANDROID_EMU_native_sync_v2 ANDROID_EMU_native_sync_v3 ANDROID_EMU_native_sync_v4 ANDROID_EMU_dma_v1 ANDROID_EMU_direct_mem ANDROID_EMU_host_composition_v1 ANDROID_EMU_host_composition_v2 ANDROID_EMU_vulkan ANDROID_EMU_deferred_vulkan_commands ANDROID_EMU_vulkan_null_optional_strings ANDROID_EMU_vulkan_create_resources_with_requirements ANDROID_EMU_YUV_Cache ANDROID_EMU_vulkan_ignored_handles ANDROID_EMU_has_shared_slots_host_memory_allocator ANDROID_EMU_vulkan_free_memory_sync ANDROID_EMU_vulkan_shader_float16_int8 ANDROID_EMU_vulkan_async_queue_submit ANDROID_EMU_vulkan_queue_submit_with_commands ANDROID_EMU_sync_buffer_data ANDROID_EMU_vulkan_async_qsri ANDROID_EMU_read_color_buffer_dma ANDROID_EMU_hwc_multi_configs GL_OES_EGL_image_external_essl3 GL_OES_vertex_array_object GL_KHR_texture_compression_astc_ldr ANDROID_EMU_host_side_tracing ANDROID_EMU_gles_max_version_3_1
11-03 16:48:00.919  4551  4572 W OpenGLRenderer: Failed to choose config with EGL_SWAP_BEHAVIOR_PRESERVED, retrying without...
11-03 16:48:00.921  4551  4572 W OpenGLRenderer: Failed to initialize 101010-2 format, error = EGL_SUCCESS
11-03 16:48:00.958  4551  4572 D EGL_emulation: eglCreateContext: 0x7f04375ae350: maj 3 min 1 rcv 4
11-03 16:48:00.969  4551  4572 D EGL_emulation: eglMakeCurrent: 0x7f04375ae350: ver 3 1 (tinfo 0x7f06515d7080) (first time)
11-03 16:48:01.074   241   241 I hwservicemanager: getTransport: Cannot find entry android.hardware.graphics.mapper@4.0::IMapper/default in either framework or device VINTF manifest.
11-03 16:48:01.075  4551  4572 I Gralloc4: mapper 4.x is not supported
11-03 16:48:01.081  4551  4572 D HostConnection: createUnique: call
11-03 16:48:01.086  4551  4572 D HostConnection: HostConnection::get() New Host Connection established 0x7f04375aed10, tid 4572
11-03 16:48:01.087  4551  4572 D goldfish-address-space: allocate: Ask for block of size 0x100
11-03 16:48:01.089  4551  4572 D goldfish-address-space: allocate: ioctl allocate returned offset 0x3f3ffe000 size 0x2000
11-03 16:48:01.099   241   241 I hwservicemanager: getTransport: Cannot find entry android.hardware.graphics.allocator@4.0::IAllocator/default in either framework or device VINTF manifest.
11-03 16:48:01.106   239   239 I servicemanager: Could not find android.hardware.graphics.allocator.IAllocator/default in the VINTF manifest.
11-03 16:48:01.106  4551  4572 W Gralloc4: allocator 4.x is not supported
11-03 16:48:01.112   412   461 D goldfish-address-space: claimShared: Ask to claim region [0x3f6a23000 0x3f7407000]
11-03 16:48:01.263  4551  4572 D HostConnection: HostComposition ext ANDROID_EMU_CHECKSUM_HELPER_v1 ANDROID_EMU_native_sync_v2 ANDROID_EMU_native_sync_v3 ANDROID_EMU_native_sync_v4 ANDROID_EMU_dma_v1 ANDROID_EMU_direct_mem ANDROID_EMU_host_composition_v1 ANDROID_EMU_host_composition_v2 ANDROID_EMU_vulkan ANDROID_EMU_deferred_vulkan_commands ANDROID_EMU_vulkan_null_optional_strings ANDROID_EMU_vulkan_create_resources_with_requirements ANDROID_EMU_YUV_Cache ANDROID_EMU_vulkan_ignored_handles ANDROID_EMU_has_shared_slots_host_memory_allocator ANDROID_EMU_vulkan_free_memory_sync ANDROID_EMU_vulkan_shader_float16_int8 ANDROID_EMU_vulkan_async_queue_submit ANDROID_EMU_vulkan_queue_submit_with_commands ANDROID_EMU_sync_buffer_data ANDROID_EMU_vulkan_async_qsri ANDROID_EMU_read_color_buffer_dma ANDROID_EMU_hwc_multi_configs GL_OES_EGL_image_external_essl3 GL_OES_vertex_array_object GL_KHR_texture_compression_astc_ldr ANDROID_EMU_host_side_tracing ANDROID_EMU_gles_max_version_3_1
11-03 16:48:01.288  1327  4404 D TrafficStats: tagSocket(82) with statsTag=0x20008100, statsUid=-1
11-03 16:48:01.310  1327  4404 W Conscrypt: Could not set socket write timeout: java.net.SocketException: Socket closed
11-03 16:48:01.332  1327  4404 W Conscrypt: 	at com.google.android.gms.org.conscrypt.Platform.setSocketWriteTimeout(:com.google.android.gms@225014047@22.50.14 (190800-499278674):2)
11-03 16:48:01.332  1327  4404 W Conscrypt: 	at com.google.android.gms.org.conscrypt.ConscryptFileDescriptorSocket.setSoWriteTimeout(:com.google.android.gms@225014047@22.50.14 (190800-499278674):0)
11-03 16:48:01.372   412   461 D goldfish-address-space: claimShared: Ask to claim region [0x3f7407000 0x3f7deb000]
11-03 16:48:01.523   412   461 D goldfish-address-space: claimShared: Ask to claim region [0x3fa790000 0x3fb174000]
11-03 16:48:01.830  1327  4578 D TrafficStats: tagSocket(82) with statsTag=0x20008100, statsUid=-1
11-03 16:48:01.846  1327  4578 W Conscrypt: Could not set socket write timeout: java.net.SocketException: Socket closed
11-03 16:48:01.849  1327  4578 W Conscrypt: 	at com.google.android.gms.org.conscrypt.Platform.setSocketWriteTimeout(:com.google.android.gms@225014047@22.50.14 (190800-499278674):2)
11-03 16:48:01.853  1327  4578 W Conscrypt: 	at com.google.android.gms.org.conscrypt.ConscryptFileDescriptorSocket.setSoWriteTimeout(:com.google.android.gms@225014047@22.50.14 (190800-499278674):0)
11-03 16:48:01.971  4551  4572 W Parcel  : Expecting binder but got null!
11-03 16:48:02.034   650   679 W ziparchive: Unable to open '/data/app/~~CY9Dv82I4CEZ3LIwMsMz2g==/com.example.interview-PpvvShS9s6akqNJC49xcaw==/base.dm': No such file or directory
11-03 16:48:02.059  4551  4566 I OpenGLRenderer: Davey! duration=1233ms; Flags=1, FrameTimelineVsyncId=17935, IntendedVsync=295359837204, Vsync=295359837204, InputEventId=0, HandleInputStart=295364663730, AnimationStart=295364670988, PerformTraversalsStart=295364679351, DrawStart=296079700462, FrameDeadline=295376503870, FrameInterval=295364637865, FrameStartTime=16666666, SyncQueued=296104296741, SyncStart=296243487831, IssueDrawCommandsStart=296249283854, SwapBuffers=296654779977, FrameCompleted=296732740568, DequeueBufferDuration=60837, QueueBufferDuration=3001744, GpuCompleted=296732740568, SwapBuffersCompleted=296664826140, DisplayPresentTime=65865148860530689, CommandSubmissionCompleted=296654779977,
11-03 16:48:02.088   650   679 I ActivityTaskManager: Displayed com.example.interview/.Login: +3s692ms
11-03 16:48:02.106  4551  4551 I Choreographer: Skipped 85 frames!  The application may be doing too much work on its main thread.
11-03 16:48:02.147  4551  4551 D CompatibilityChangeReporter: Compat change id reported: 163400105; UID 10174; state: ENABLED
11-03 16:48:02.173  4551  4566 I OpenGLRenderer: Davey! duration=1454ms; Flags=0, FrameTimelineVsyncId=17958, IntendedVsync=295393170536, Vsync=296809837146, InputEventId=0, HandleInputStart=296815500390, AnimationStart=296815507840, PerformTraversalsStart=296818182406, DrawStart=296824459083, FrameDeadline=296759837148, FrameInterval=296814256990, FrameStartTime=16666666, SyncQueued=296826978451, SyncStart=296841639059, IssueDrawCommandsStart=296841735114, SwapBuffers=296843743094, FrameCompleted=296862533110, DequeueBufferDuration=2653540, QueueBufferDuration=1158875, GpuCompleted=296859749443, SwapBuffersCompleted=296862533110, DisplayPresentTime=48132229609750530, CommandSubmissionCompleted=296843743094,
11-03 16:48:02.179  4551  4551 I AssistStructure: Flattened final assist data: 2004 bytes, containing 1 windows, 11 views
11-03 16:48:02.367  1327  4405 D TrafficStats: tagSocket(82) with statsTag=0x20008100, statsUid=-1
11-03 16:48:02.430  1439  1439 I GoogleInputMethodService: GoogleInputMethodService.onFinishInput():3220
11-03 16:48:02.435  1327  2876 I FontLog : Received query Noto Color Emoji Compat, URI content://com.google.android.gms.fonts [CONTEXT service_id=132 ]
11-03 16:48:02.468   650  1278 W InputManager-JNI: Input channel object '7864fc7 Splash Screen com.example.interview (client)' was disposed without first being removed with the input manager!
11-03 16:48:02.489  1327  2876 I FontLog : Query [emojicompat-emoji-font] resolved to {Noto Color Emoji Compat, wdth 100.0, wght 400, ital 0.0, bestEffort false} [CONTEXT service_id=132 ]
11-03 16:48:02.510   464   485 W TransactionTracing: Could not find layer handle 0x7a456fc6f450
11-03 16:48:02.510   464   485 W TransactionTracing: Could not find layer handle 0x7a456fc6e130
11-03 16:48:02.545  1439  1439 I GoogleInputMethodService: GoogleInputMethodService.updateDeviceLockedStatus():2114 repeatCheckTimes = 0, unlocked = true
11-03 16:48:02.577  1327  2876 I FontLog : Fetch {Noto Color Emoji Compat, wdth 100.0, wght 400, ital 0.0, bestEffort false} end status Status{statusCode=SUCCESS, resolution=null} [CONTEXT service_id=132 ]
11-03 16:48:02.643  4551  4570 W FileTestStorage: Output properties is not supported.
11-03 16:48:02.655   464   485 W TransactionTracing: Could not find layer handle 0x7a456fc701d0
11-03 16:48:02.655   464   485 W TransactionTracing: Could not find layer handle 0x7a456fc6fe70
11-03 16:48:02.655   464   485 W TransactionTracing: Could not find layer handle 0x7a456fc70b90
11-03 16:48:02.657  4551  4570 I Tracing : Tracer added: class androidx.test.platform.tracing.AndroidXTracer
11-03 16:48:02.675  1327  2876 I FontLog : Pulling font file for id = 11, cache size = 9 [CONTEXT service_id=132 ]
11-03 16:48:02.701  4551  4570 D EventInjectionStrategy: Creating injection strategy with input manager.
11-03 16:48:02.701  4551  4570 W ample.interview: Accessing hidden method Landroid/hardware/input/InputManager;->getInstance()Landroid/hardware/input/InputManager; (unsupported, reflection, allowed)
11-03 16:48:02.702  4551  4570 W ample.interview: Accessing hidden method Landroid/hardware/input/InputManager;->injectInputEvent(Landroid/view/InputEvent;I)Z (unsupported, reflection, allowed)
11-03 16:48:02.702  4551  4570 W ample.interview: Accessing hidden field Landroid/hardware/input/InputManager;->INJECT_INPUT_EVENT_MODE_WAIT_FOR_FINISH:I (unsupported, reflection, allowed)
11-03 16:48:02.740  1327  2876 I FontLog : Pulling font file for id = 11, cache size = 9 [CONTEXT service_id=132 ]
11-03 16:48:02.752  1439  1439 D CompatibilityChangeReporter: Compat change id reported: 210923482; UID 10125; state: ENABLED
11-03 16:48:02.770  4551  4570 W ample.interview: Accessing hidden method Landroid/view/ViewConfiguration;->getDoubleTapMinTime()I (unsupported, reflection, allowed)
11-03 16:48:02.808  4551  4551 W ample.interview: Accessing hidden method Landroid/os/MessageQueue;->next()Landroid/os/Message; (unsupported, reflection, allowed)
11-03 16:48:02.809  4551  4551 W ample.interview: Accessing hidden field Landroid/os/MessageQueue;->mMessages:Landroid/os/Message; (unsupported, reflection, allowed)
11-03 16:48:02.810  4551  4551 W ample.interview: Accessing hidden method Landroid/os/Message;->recycleUnchecked()V (unsupported, reflection, allowed)
11-03 16:48:02.828  4551  4551 W ample.interview: Accessing hidden method Landroid/view/WindowManagerGlobal;->getInstance()Landroid/view/WindowManagerGlobal; (unsupported, reflection, allowed)
11-03 16:48:02.829  4551  4551 W ample.interview: Accessing hidden field Landroid/view/WindowManagerGlobal;->mViews:Ljava/util/ArrayList; (unsupported, reflection, allowed)
11-03 16:48:02.829  4551  4551 W ample.interview: Accessing hidden field Landroid/view/WindowManagerGlobal;->mParams:Ljava/util/ArrayList; (unsupported, reflection, allowed)
11-03 16:48:02.838  4551  4551 I ViewInteraction: Performing 'Running view assertions[Accessibility Checks, ] and then running: type text(donapati@gmail.com)' action on view view.getId() is <2131231292/com.example.interview:id/userid>
11-03 16:48:02.852  4551  4551 I ViewAssertion: Asserting Accessibility Checks
11-03 16:48:02.863  1327  1341 I .gms.persistent: Background young concurrent copying GC freed 144867(6157KB) AllocSpace objects, 0(0B) LOS objects, 17% free, 27MB/33MB, paused 1.115ms,44us total 525.168ms
11-03 16:48:02.867  1439  1439 I GoogleInputMethodService: GoogleInputMethodService.onStartInput():1919 onStartInput(EditorInfo{inputType=0x0(NULL) imeOptions=0x0 privateImeOptions=null actionName=UNSPECIFIED actionLabel=null actionId=0 initialSelStart=-1 initialSelEnd=-1 initialCapsMode=0x0 hintText=null label=null packageName=com.example.interview fieldId=-1 fieldName=null extras=null}, false)
11-03 16:48:02.872  1439  1439 I GoogleInputMethodService: GoogleInputMethodService.updateDeviceLockedStatus():2114 repeatCheckTimes = 2, unlocked = true
11-03 16:48:02.995  1327  1327 I GmsCoreXrpcWrapper: Returning a channel provider with trafficStatsTag=18692 trafficStatsUid=-1
11-03 16:48:03.182  1327  1327 W svc     : Pending fill request while another request in the same session was triggered. [CONTEXT service_id=177 ]
11-03 16:48:03.640  4551  4591 D ProfileInstaller: Installing profile for com.example.interview
11-03 16:48:03.666  1127  1127 V InlineSuggestionRenderService: handleDestroySuggestionViews called for 0:581426208
11-03 16:48:03.766  4551  4592 V UiAutomation: Init UiAutomation@66c01bc[id=1, flags=0]
11-03 16:48:03.777  4551  4551 D takeScreenshot: Found 1 global views to redraw
11-03 16:48:03.799  4551  4572 D EGL_emulation: app_time_stats: avg=613.42ms min=159.39ms max=1485.73ms count=3
11-03 16:48:03.851   464   999 D PermissionCache: checking android.permission.READ_FRAME_BUFFER for uid=2000 => granted (752 us)
11-03 16:48:03.866   412   461 D goldfish-address-space: claimShared: Ask to claim region [0x3f43aa000 0x3f4d8e000]
11-03 16:48:03.903   464   999 W ServiceManager: Permission failure: android.permission.CAPTURE_BLACKOUT_CONTENT from uid=2000 pid=4537
11-03 16:48:03.903   464   999 D PermissionCache: checking android.permission.CAPTURE_BLACKOUT_CONTENT for uid=2000 => denied (4501 us)
11-03 16:48:03.925  1764  1967 I A       : NGA disabled due to not being eligible.
11-03 16:48:03.941   241   241 I hwservicemanager: getTransport: Cannot find entry android.hardware.graphics.mapper@4.0::IMapper/default in either framework or device VINTF manifest.
11-03 16:48:03.943  4537  4549 I Gralloc4: mapper 4.x is not supported
11-03 16:48:04.105  4537  4549 D HostConnection: createUnique: call
11-03 16:48:04.109  4537  4549 D HostConnection: HostConnection::get() New Host Connection established 0x76cfb4c06510, tid 4549
11-03 16:48:04.109  4537  4549 D goldfish-address-space: allocate: Ask for block of size 0x100
11-03 16:48:04.110  4537  4549 D goldfish-address-space: allocate: ioctl allocate returned offset 0x3f3ffe000 size 0x2000
11-03 16:48:04.127  4537  4549 D HostConnection: HostComposition ext ANDROID_EMU_CHECKSUM_HELPER_v1 ANDROID_EMU_native_sync_v2 ANDROID_EMU_native_sync_v3 ANDROID_EMU_native_sync_v4 ANDROID_EMU_dma_v1 ANDROID_EMU_direct_mem ANDROID_EMU_host_composition_v1 ANDROID_EMU_host_composition_v2 ANDROID_EMU_vulkan ANDROID_EMU_deferred_vulkan_commands ANDROID_EMU_vulkan_null_optional_strings ANDROID_EMU_vulkan_create_resources_with_requirements ANDROID_EMU_YUV_Cache ANDROID_EMU_vulkan_ignored_handles ANDROID_EMU_has_shared_slots_host_memory_allocator ANDROID_EMU_vulkan_free_memory_sync ANDROID_EMU_vulkan_shader_float16_int8 ANDROID_EMU_vulkan_async_queue_submit ANDROID_EMU_vulkan_queue_submit_with_commands ANDROID_EMU_sync_buffer_data ANDROID_EMU_vulkan_async_qsri ANDROID_EMU_read_color_buffer_dma ANDROID_EMU_hwc_multi_configs GL_OES_EGL_image_external_essl3 GL_OES_vertex_array_object GL_KHR_texture_compression_astc_ldr ANDROID_EMU_host_side_tracing ANDROID_EMU_gles_max_version_3_1
11-03 16:48:04.159  4537  4596 D libEGL  : loaded /vendor/lib64/egl/libEGL_emulation.so
11-03 16:48:04.162  4537  4596 D libEGL  : loaded /vendor/lib64/egl/libGLESv1_CM_emulation.so
11-03 16:48:04.171  4537  4596 D libEGL  : loaded /vendor/lib64/egl/libGLESv2_emulation.so
11-03 16:48:04.230  4537  4596 D HostConnection: createUnique: call
11-03 16:48:04.232  4537  4596 D HostConnection: HostConnection::get() New Host Connection established 0x76cfb4c06990, tid 4596
11-03 16:48:04.245  4537  4596 D HostConnection: HostComposition ext ANDROID_EMU_CHECKSUM_HELPER_v1 ANDROID_EMU_native_sync_v2 ANDROID_EMU_native_sync_v3 ANDROID_EMU_native_sync_v4 ANDROID_EMU_dma_v1 ANDROID_EMU_direct_mem ANDROID_EMU_host_composition_v1 ANDROID_EMU_host_composition_v2 ANDROID_EMU_vulkan ANDROID_EMU_deferred_vulkan_commands ANDROID_EMU_vulkan_null_optional_strings ANDROID_EMU_vulkan_create_resources_with_requirements ANDROID_EMU_YUV_Cache ANDROID_EMU_vulkan_ignored_handles ANDROID_EMU_has_shared_slots_host_memory_allocator ANDROID_EMU_vulkan_free_memory_sync ANDROID_EMU_vulkan_shader_float16_int8 ANDROID_EMU_vulkan_async_queue_submit ANDROID_EMU_vulkan_queue_submit_with_commands ANDROID_EMU_sync_buffer_data ANDROID_EMU_vulkan_async_qsri ANDROID_EMU_read_color_buffer_dma ANDROID_EMU_hwc_multi_configs GL_OES_EGL_image_external_essl3 GL_OES_vertex_array_object GL_KHR_texture_compression_astc_ldr ANDROID_EMU_host_side_tracing ANDROID_EMU_gles_max_version_3_1
11-03 16:48:04.248  4537  4596 W OpenGLRenderer: Failed to choose config with EGL_SWAP_BEHAVIOR_PRESERVED, retrying without...
11-03 16:48:04.248  4537  4596 W OpenGLRenderer: Failed to initialize 101010-2 format, error = EGL_SUCCESS
11-03 16:48:04.284  4537  4596 D EGL_emulation: eglCreateContext: 0x76cfb4c065d0: maj 3 min 1 rcv 4
11-03 16:48:04.291  4537  4596 D EGL_emulation: eglMakeCurrent: 0x76cfb4c065d0: ver 3 1 (tinfo 0x76d1e6f2a080) (first time)
11-03 16:48:04.623  1498  1822 W MediaProvider: isAppCloneUserPair for user 0: false
11-03 16:48:04.663  1498  1822 V MediaProvider: Inserted id:1000000039 less than next row id backup:1000001000.
11-03 16:48:04.900  1327  4589 I NetworkScheduler.Stats: Task com.google.android.gms/com.google.android.gms.ipa.base.IpaGcmTaskService started execution. cause:9 exec_start_elapsed_seconds: 299 [CONTEXT service_id=218 ]
11-03 16:48:04.944  1327  4590 I NetworkScheduler.Stats: Task com.google.android.gms/com.google.android.gms.ipa.base.IpaGcmTaskService finished executing. cause:9 result: 1 elapsed_millis: 116 uptime_millis: 116 exec_start_elapsed_seconds: 299 [CONTEXT service_id=218 ]
11-03 16:48:05.083  1327  1327 D BoundBrokerSvc: onUnbind: Intent { act=com.google.android.gms.nearby.exposurenotification.START dat=chimera-action:/... cmp=com.google.android.gms/.chimera.PersistentApiService }
11-03 16:48:05.496  4551  4551 D LifecycleMonitor: Lifecycle status change: com.example.interview.Login@af29197 in: PAUSED
11-03 16:48:05.497  4551  4551 V ActivityScenario: Update currentActivityStage to PAUSED, currentActivity=com.example.interview.Login@af29197
11-03 16:48:05.550  4551  4551 D LifecycleMonitor: Lifecycle status change: androidx.test.core.app.InstrumentationActivityInvoker$EmptyActivity@dda6cf2 in: PRE_ON_CREATE
11-03 16:48:05.551  4551  4551 V ActivityScenario: Activity lifecycle changed event received but ignored because the intent does not match. startActivityIntent=Intent { act=android.intent.action.MAIN cat=[android.intent.category.LAUNCHER] flg=0x10008000 cmp=com.example.interview/.Login }, activity.getIntent()=Intent { act=android.intent.action.MAIN cat=[android.intent.category.LAUNCHER] flg=0x10000000 cmp=com.example.interview/androidx.test.core.app.InstrumentationActivityInvoker$EmptyActivity }, activity=androidx.test.core.app.InstrumentationActivityInvoker$EmptyActivity@dda6cf2
11-03 16:48:05.587  4551  4551 D LifecycleMonitor: Lifecycle status change: androidx.test.core.app.InstrumentationActivityInvoker$EmptyActivity@dda6cf2 in: CREATED
11-03 16:48:05.587  4551  4551 V ActivityScenario: Activity lifecycle changed event received but ignored because the intent does not match. startActivityIntent=Intent { act=android.intent.action.MAIN cat=[android.intent.category.LAUNCHER] flg=0x10008000 cmp=com.example.interview/.Login }, activity.getIntent()=Intent { act=android.intent.action.MAIN cat=[android.intent.category.LAUNCHER] flg=0x10000000 cmp=com.example.interview/androidx.test.core.app.InstrumentationActivityInvoker$EmptyActivity }, activity=androidx.test.core.app.InstrumentationActivityInvoker$EmptyActivity@dda6cf2
11-03 16:48:05.610  4551  4551 D LifecycleMonitor: Lifecycle status change: androidx.test.core.app.InstrumentationActivityInvoker$EmptyActivity@dda6cf2 in: STARTED
11-03 16:48:05.611  4551  4551 V ActivityScenario: Activity lifecycle changed event received but ignored because the intent does not match. startActivityIntent=Intent { act=android.intent.action.MAIN cat=[android.intent.category.LAUNCHER] flg=0x10008000 cmp=com.example.interview/.Login }, activity.getIntent()=Intent { act=android.intent.action.MAIN cat=[android.intent.category.LAUNCHER] flg=0x10000000 cmp=com.example.interview/androidx.test.core.app.InstrumentationActivityInvoker$EmptyActivity }, activity=androidx.test.core.app.InstrumentationActivityInvoker$EmptyActivity@dda6cf2
11-03 16:48:05.623  4551  4551 D LifecycleMonitor: Lifecycle status change: androidx.test.core.app.InstrumentationActivityInvoker$EmptyActivity@dda6cf2 in: RESUMED
11-03 16:48:05.623  4551  4551 V ActivityScenario: Activity lifecycle changed event received but ignored because the intent does not match. startActivityIntent=Intent { act=android.intent.action.MAIN cat=[android.intent.category.LAUNCHER] flg=0x10008000 cmp=com.example.interview/.Login }, activity.getIntent()=Intent { act=android.intent.action.MAIN cat=[android.intent.category.LAUNCHER] flg=0x10000000 cmp=com.example.interview/androidx.test.core.app.InstrumentationActivityInvoker$EmptyActivity }, activity=androidx.test.core.app.InstrumentationActivityInvoker$EmptyActivity@dda6cf2
11-03 16:48:05.719   412   461 D goldfish-address-space: claimShared: Ask to claim region [0x3f4d8e000 0x3f5772000]
11-03 16:48:05.745   412   461 D goldfish-address-space: claimShared: Ask to claim region [0x3f5772000 0x3f6156000]
11-03 16:48:05.819  1638  4461 I GCM-GMS : Registering GMS 745476177629
11-03 16:48:05.820  1327  4578 I NetworkScheduler.Stats: Task com.google.android.gms/com.google.android.gms.gcm.gmsproc.GcmInGmsTaskService started execution. cause:5 exec_start_elapsed_seconds: 300 [CONTEXT service_id=218 ]
11-03 16:48:05.872   412   461 D goldfish-address-space: claimShared: Ask to claim region [0x3f8000000 0x3f89e4000]
11-03 16:48:06.019  1638  4461 W GCM-GMS : Failed to get registration: java.io.IOException: SERVICE_NOT_AVAILABLE
11-03 16:48:06.057  1327  4590 I NetworkScheduler.Stats: Task com.google.android.gms/com.google.android.gms.gcm.gmsproc.GcmInGmsTaskService finished executing. cause:5 result: 3 elapsed_millis: 398 uptime_millis: 398 exec_start_elapsed_seconds: 300 [CONTEXT service_id=218 ]
11-03 16:48:06.116  4551  4572 W Parcel  : Expecting binder but got null!
11-03 16:48:06.146   650   679 I ActivityTaskManager: Displayed com.example.interview/androidx.test.core.app.InstrumentationActivityInvoker$EmptyActivity: +714ms
11-03 16:48:06.218  4551  4572 D EGL_emulation: app_time_stats: avg=2418.82ms min=2418.82ms max=2418.82ms count=1
11-03 16:48:06.226  4551  4551 D LifecycleMonitor: Lifecycle status change: com.example.interview.Login@af29197 in: STOPPED
11-03 16:48:06.229  4551  4551 V ActivityScenario: Update currentActivityStage to STOPPED, currentActivity=com.example.interview.Login@af29197
11-03 16:48:06.238  4551  4551 D AutofillManager: onActivityFinishing(): calling cancelLocked()
11-03 16:48:06.242  4551  4551 D LifecycleMonitor: Lifecycle status change: com.example.interview.Login@af29197 in: DESTROYED
11-03 16:48:06.243  4551  4551 V ActivityScenario: Update currentActivityStage to DESTROYED, currentActivity=null
11-03 16:48:06.265   650  1278 W InputManager-JNI: Input channel object 'f300d43 com.example.interview/com.example.interview.Login (client)' was disposed without first being removed with the input manager!
11-03 16:48:06.314  1439  1439 I GoogleInputMethodService: GoogleInputMethodService.onFinishInput():3220
11-03 16:48:06.315  1439  1439 I GoogleInputMethodService: GoogleInputMethodService.updateDeviceLockedStatus():2114 repeatCheckTimes = 0, unlocked = true
11-03 16:48:06.315  1439  1439 I GoogleInputMethodService: GoogleInputMethodService.onStartInput():1919 onStartInput(EditorInfo{inputType=0x0(NULL) imeOptions=0x0 privateImeOptions=null actionName=UNSPECIFIED actionLabel=null actionId=0 initialSelStart=-1 initialSelEnd=-1 initialCapsMode=0x0 hintText=null label=null packageName=com.example.interview fieldId=-1 fieldName=null extras=null}, false)
11-03 16:48:06.316  1439  1439 I GoogleInputMethodService: GoogleInputMethodService.updateDeviceLockedStatus():2114 repeatCheckTimes = 2, unlocked = true
11-03 16:48:06.322   412   461 D goldfish-address-space: claimShared: Ask to claim region [0x3f6a23000 0x3f7077000]
11-03 16:48:06.469   464   485 W TransactionTracing: Could not find layer handle 0x7a456fc70050
11-03 16:48:06.487  4551  4551 D LifecycleMonitor: Lifecycle status change: androidx.test.core.app.InstrumentationActivityInvoker$EmptyActivity@dda6cf2 in: PAUSED
11-03 16:48:06.490  4551  4551 V ActivityScenario: Activity lifecycle changed event received but ignored because the intent does not match. startActivityIntent=Intent { act=android.intent.action.MAIN cat=[android.intent.category.LAUNCHER] flg=0x10008000 cmp=com.example.interview/.Login }, activity.getIntent()=Intent { act=android.intent.action.MAIN cat=[android.intent.category.LAUNCHER] flg=0x10000000 cmp=com.example.interview/androidx.test.core.app.InstrumentationActivityInvoker$EmptyActivity }, activity=androidx.test.core.app.InstrumentationActivityInvoker$EmptyActivity@dda6cf2
11-03 16:48:06.500   650  4602 D HostConnection: createUnique: call
11-03 16:48:06.512   650  4602 D HostConnection: HostConnection::get() New Host Connection established 0x7f04375d3190, tid 4602
11-03 16:48:06.515  4551  4570 E TestRunner: failed: testLoginSuccess(com.example.interview.ExampleInstrumentedTest)
11-03 16:48:06.522  4551  4570 E TestRunner: ----- begin exception -----
11-03 16:48:06.560   650  4602 D HostConnection: HostComposition ext ANDROID_EMU_CHECKSUM_HELPER_v1 ANDROID_EMU_native_sync_v2 ANDROID_EMU_native_sync_v3 ANDROID_EMU_native_sync_v4 ANDROID_EMU_dma_v1 ANDROID_EMU_direct_mem ANDROID_EMU_host_composition_v1 ANDROID_EMU_host_composition_v2 ANDROID_EMU_vulkan ANDROID_EMU_deferred_vulkan_commands ANDROID_EMU_vulkan_null_optional_strings ANDROID_EMU_vulkan_create_resources_with_requirements ANDROID_EMU_YUV_Cache ANDROID_EMU_vulkan_ignored_handles ANDROID_EMU_has_shared_slots_host_memory_allocator ANDROID_EMU_vulkan_free_memory_sync ANDROID_EMU_vulkan_shader_float16_int8 ANDROID_EMU_vulkan_async_queue_submit ANDROID_EMU_vulkan_queue_submit_with_commands ANDROID_EMU_sync_buffer_data ANDROID_EMU_vulkan_async_qsri ANDROID_EMU_read_color_buffer_dma ANDROID_EMU_hwc_multi_configs GL_OES_EGL_image_external_essl3 GL_OES_vertex_array_object GL_KHR_texture_compression_astc_ldr ANDROID_EMU_host_side_tracing ANDROID_EMU_gles_max_version_3_1
11-03 16:48:06.591   650  4602 W OpenGLRenderer: Failed to choose config with EGL_SWAP_BEHAVIOR_PRESERVED, retrying without...
11-03 16:48:06.602   650  4602 W OpenGLRenderer: Failed to initialize 101010-2 format, error = EGL_SUCCESS
11-03 16:48:06.622   412   461 D goldfish-address-space: claimShared: Ask to claim region [0x3f7077000 0x3f7a5b000]
11-03 16:48:06.636  1047  1252 D BtGatt.ScanManager: uid 10115 isForeground true scanMode 1
11-03 16:48:06.654  1047  1252 D BtGatt.ScanManager: uid 10115 isForeground true scanMode -1
11-03 16:48:06.660  1047  1252 D BtGatt.ScanManager: uid 10115 isForeground true scanMode -1
11-03 16:48:06.667   412   461 D goldfish-address-space: claimShared: Ask to claim region [0x3f89e4000 0x3f93c8000]
11-03 16:48:06.673   650  4602 D EGL_emulation: eglCreateContext: 0x7f04375d6850: maj 3 min 1 rcv 4
11-03 16:48:06.675   412   461 E android.hardware.graphics.allocator@3.0-service: allocateCb:391 failed with 'Error3::NO_RESOURCES'
11-03 16:48:06.679   412   461 D goldfish-address-space: claimShared: Ask to claim region [0x3f89e4000 0x3f93c8000]
11-03 16:48:06.685   412   461 E android.hardware.graphics.allocator@3.0-service: allocateCb:391 failed with 'Error3::NO_RESOURCES'
11-03 16:48:06.687  1764  4603 E GraphicBufferAllocator: Failed to allocate (1080 x 2400) layerCount 1 format 1 usage b00: 5
11-03 16:48:06.687  1764  4603 E BufferQueueProducer: [VRI[NexusLauncherActivity]#1(BLAST Consumer)1](id:6e400000001,api:1,p:1764,c:1764) allocateBuffers: failed to allocate buffer (0 x 0, format 1, usage 0xb00)
11-03 16:48:06.690  1205  1660 E GraphicBufferAllocator: Failed to allocate (1080 x 2400) layerCount 1 format 1 usage b00: 5
11-03 16:48:06.690  1205  1660 E BufferQueueProducer: [VRI[NexusLauncherActivity]#1(BLAST Consumer)1](id:4b500000004,api:1,p:1205,c:1205) dequeueBuffer: createGraphicBuffer failed
11-03 16:48:06.690  1205  1660 E BufferQueueProducer: [VRI[NexusLauncherActivity]#1(BLAST Consumer)1](id:4b500000004,api:1,p:1205,c:1205) requestBuffer: slot 0 is not owned by the producer (state = FREE)
11-03 16:48:06.690  1205  1660 E Surface : dequeueBuffer: IGraphicBufferProducer::requestBuffer failed: -22
11-03 16:48:06.690  1205  1660 E BufferQueueProducer: [VRI[NexusLauncherActivity]#1(BLAST Consumer)1](id:4b500000004,api:1,p:1205,c:1205) cancelBuffer: slot 0 is not owned by the producer (state = FREE)
11-03 16:48:06.690  1205  1660 E EGL_emulation: tid 1660: init(491): error 0x3003 (EGL_BAD_ALLOC)
11-03 16:48:06.690  1205  1660 E EGL_emulation: tid 1660: eglCreateWindowSurface(1282): error 0x3003 (EGL_BAD_ALLOC)
11-03 16:48:06.707   650  4602 E EGL_emulation: rcCreateColorBuffer returned 0
11-03 16:48:06.707   650  4602 E EGL_emulation: tid 4602: eglCreatePbufferSurface(1345): error 0x3003 (EGL_BAD_ALLOC)
11-03 16:48:06.707   650  4602 F OpenGLRenderer: Failed to create a pixel buffer display=0x7f030b438610, mEglConfig=0x3, error=EGL_BAD_ALLOC
11-03 16:48:06.711   412   461 D goldfish-address-space: claimShared: Ask to claim region [0x3f89e4000 0x3f93c8000]
11-03 16:48:06.716   412   461 E android.hardware.graphics.allocator@3.0-service: allocateCb:391 failed with 'Error3::NO_RESOURCES'
11-03 16:48:06.718  1205  4604 E GraphicBufferAllocator: Failed to allocate (1080 x 2400) layerCount 1 format 1 usage 900: 5
11-03 16:48:06.718  1205  4604 E BufferQueueProducer: [VRI[NexusLauncherActivity]#1(BLAST Consumer)1](id:4b500000004,api:0,p:-1,c:1205) allocateBuffers: failed to allocate buffer (0 x 0, format 0, usage 0)
11-03 16:48:06.743   412   461 D goldfish-address-space: claimShared: Ask to claim region [0x3f89e4000 0x3f93c8000]
11-03 16:48:06.767  1047  1252 D BtGatt.ScanManager: uid 10115 isForeground true scanMode 1
11-03 16:48:06.768  1047  1252 D BtGatt.ScanManager: uid 10115 isForeground true scanMode -1
11-03 16:48:06.768  1047  1252 D BtGatt.ScanManager: uid 10115 isForeground true scanMode -1
11-03 16:48:06.921   650  2364 W system_server: Long monitor contention with owner binder:650_A (1278) at int com.android.server.am.ActivityManagerService.bindServiceInstance(android.app.IApplicationThread, android.os.IBinder, android.content.Intent, java.lang.String, android.app.IServiceConnection, int, java.lang.String, boolean, int, java.lang.String, java.lang.String, int)(ActivityManagerService.java:12676) waiters=0 in int com.android.server.am.ActivityManagerService.bindServiceInstance(android.app.IApplicationThread, android.os.IBinder, android.content.Intent, java.lang.String, android.app.IServiceConnection, int, java.lang.String, boolean, int, java.lang.String, java.lang.String, int) for 168ms
11-03 16:48:06.924   650   671 W system_server: Long monitor contention with owner binder:650_A (1278) at int com.android.server.am.ActivityManagerService.bindServiceInstance(android.app.IApplicationThread, android.os.IBinder, android.content.Intent, java.lang.String, android.app.IServiceConnection, int, java.lang.String, boolean, int, java.lang.String, java.lang.String, int)(ActivityManagerService.java:12676) waiters=1 in void com.android.server.am.ActivityManagerService.trimApplications(boolean, java.lang.String) for 251ms
11-03 16:48:06.932   650   682 W system_server: Long monitor contention with owner binder:650_13 (2331) at void com.android.server.inputmethod.InputMethodManagerService.reportStartInput(android.os.IBinder, android.os.IBinder)(InputMethodManagerService.java:3367) waiters=0 in void com.android.server.inputmethod.InputMethodManagerService$LocalServiceImpl.reportImeControl(android.os.IBinder) for 422ms
11-03 16:48:06.947  1205  1660 F OpenGLRenderer: drawRenderNode called on a context with no surface!
11-03 16:48:07.022   464   485 W TransactionTracing: Could not find layer handle 0x7a456fc6ca50
11-03 16:48:07.563  1205  1660 F s.nexuslauncher: runtime.cc:676] Runtime aborting...
11-03 16:48:07.563  1205  1660 F s.nexuslauncher: runtime.cc:676] Dumping all threads without mutator lock held
11-03 16:48:07.563  1205  1660 F s.nexuslauncher: runtime.cc:676] All threads:
11-03 16:48:07.563  1205  1660 F s.nexuslauncher: runtime.cc:676] DALVIK THREADS (30):
11-03 16:48:07.563  1205  1660 F s.nexuslauncher: runtime.cc:676] "RenderThread" prio=10 tid=6 Runnable
11-03 16:48:07.563  1205  1660 F s.nexuslauncher: runtime.cc:676]   | group="" sCount=0 ucsCount=0 flags=0 obj=0x135c1078 self=0x7f05175e3a10
11-03 16:48:07.563  1205  1660 F s.nexuslauncher: runtime.cc:676]   | sysTid=1660 nice=-10 cgrp=top-app sched=0/0 handle=0x7f0337e45cf0
11-03 16:48:07.563  1205  1660 F s.nexuslauncher: runtime.cc:676]   | state=R schedstat=( 1971567106 2390916189 969 ) utm=34 stm=162 core=2 HZ=100
11-03 16:48:07.563  1205  1660 F s.nexuslauncher: runtime.cc:676]   | stack=0x7f0337d4f000-0x7f0337d51000 stackSize=987KB
11-03 16:48:07.563  1205  1660 F s.nexuslauncher: runtime.cc:676]   | held mutexes= "abort lock" "mutator lock"(shared held)
11-03 16:48:07.563  1205  1660 F s.nexuslauncher: runtime.cc:676]   native: #00 pc 000000000071ed04  /apex/com.android.art/lib64/libart.so (art::DumpNativeStack(std::__1::basic_ostream<char, std::__1::char_traits<char> >&, int, BacktraceMap*, char const*, art::ArtMethod*, void*, bool)+132) (BuildId: 44bc52550248fc712a381bef164b75c7)
11-03 16:48:07.563  1205  1660 F s.nexuslauncher: runtime.cc:676]   native: #01 pc 0000000000842dfe  /apex/com.android.art/lib64/libart.so (art::Thread::DumpStack(std::__1::basic_ostream<char, std::__1::char_traits<char> >&, bool, BacktraceMap*, bool) const+334) (BuildId: 44bc52550248fc712a381bef164b75c7)
11-03 16:48:07.563  1205  1660 F s.nexuslauncher: runtime.cc:676]   native: #02 pc 0000000000862cf8  /apex/com.android.art/lib64/libart.so (art::DumpCheckpoint::Run(art::Thread*)+1256) (BuildId: 44bc52550248fc712a381bef164b75c7)
11-03 16:48:07.563  1205  1660 F s.nexuslauncher: runtime.cc:676]   native: #03 pc 000000000085bfad  /apex/com.android.art/lib64/libart.so (art::ThreadList::RunCheckpoint(art::Closure*, art::Closure*)+493) (BuildId: 44bc52550248fc712a381bef164b75c7)
11-03 16:48:07.563  1205  1660 F s.nexuslauncher: runtime.cc:676]   native: #04 pc 000000000085b1cf  /apex/com.android.art/lib64/libart.so (art::ThreadList::Dump(std::__1::basic_ostream<char, std::__1::char_traits<char> >&, bool)+2367) (BuildId: 44bc52550248fc712a381bef164b75c7)
11-03 16:48:07.563  1205  1660 F s.nexuslauncher: runtime.cc:676]   native: #05 pc 000000000080551e  /apex/com.android.art/lib64/libart.so (art::AbortState::Dump(std::__1::basic_ostream<char, std::__1::char_traits<char> >&) const+174) (BuildId: 44bc52550248fc712a381bef164b75c7)
11-03 16:48:07.563  1205  1660 F s.nexuslauncher: runtime.cc:676]   native: #06 pc 00000000007ed875  /apex/com.android.art/lib64/libart.so (art::Runtime::Abort(char const*)+1381) (BuildId: 44bc52550248fc712a381bef164b75c7)
11-03 16:48:07.563  1205  1660 F s.nexuslauncher: runtime.cc:676]   native: #07 pc 0000000000019cfc  /apex/com.android.art/lib64/libbase.so (android::base::SetAborter(std::__1::function<void (char const*)>&&)::$_3::__invoke(char const*)+60) (BuildId: 0aa332cd750579dec074c73abcd15956)
11-03 16:48:07.563  1205  1660 F s.nexuslauncher: runtime.cc:676]   native: #08 pc 0000000000008712  /system/lib64/liblog.so (__android_log_assert+338) (BuildId: 6b5490b5683793c72167e11556e0b7d9)
11-03 16:48:07.563  1205  1660 F s.nexuslauncher: runtime.cc:676]   native: #09 pc 0000000000672327  /system/lib64/libhwui.so (android::uirenderer::skiapipeline::SkiaOpenGLPipeline::getFrame()+343) (BuildId: 90c5ddb5e9d0c65dee5a6be3c94f6ebc)
11-03 16:48:07.563  1205  1660 F s.nexuslauncher: runtime.cc:676]   native: #10 pc 000000000046dc3b  /system/lib64/libhwui.so (android::uirenderer::renderthread::CanvasContext::draw()+411) (BuildId: 90c5ddb5e9d0c65dee5a6be3c94f6ebc)
11-03 16:48:07.563  1205  1660 F s.nexuslauncher: runtime.cc:676]   native: #11 pc 00000000004ff58e  /system/lib64/libhwui.so (std::__1::__function::__func<android::uirenderer::renderthread::DrawFrameTask::postAndWait()::$_0, std::__1::allocator<android::uirenderer::renderthread::DrawFrameTask::postAndWait()::$_0>, void ()>::operator()() (.__uniq.264041412789356548918088680803242235290.c1671e787f244890c877724752face20)+974) (BuildId: 90c5ddb5e9d0c65dee5a6be3c94f6ebc)
11-03 16:48:07.563  1205  1660 F s.nexuslauncher: runtime.cc:676]   native: #12 pc 00000000005e0fdf  /system/lib64/libhwui.so (android::uirenderer::renderthread::RenderThread::threadLoop()+847) (BuildId: 90c5ddb5e9d0c65dee5a6be3c94f6ebc)
11-03 16:48:07.563  1205  1660 F s.nexuslauncher: runtime.cc:676]   native: #13 pc 000000000001377f  /system/lib64/libutils.so (android::Thread::_threadLoop(void*)+175) (BuildId: bf3f66fd6f5b7c78306a1c8270331f22)
11-03 16:48:07.563  1205  1660 F s.nexuslauncher: runtime.cc:676]   native: #14 pc 00000000000ccd2a  /apex/com.android.runtime/lib64/bionic/libc.so (__pthread_start(void*)+58) (BuildId: 007cb2313464df63debf8020e631c990)
11-03 16:48:07.563  1205  1660 F s.nexuslauncher: runtime.cc:676]   native: #15 pc 0000000000060d37  /apex/com.android.runtime/lib64/bionic/libc.so (__start_thread+55) (BuildId: 007cb2313464df63debf8020e631c990)
11-03 16:48:07.563  1205  1660 F s.nexuslauncher: runtime.cc:676]   (no managed stack frames)
11-03 16:48:07.563  1205  1660 F s.nexuslauncher: runtime.cc:676]
11-03 16:48:07.563  1205  1660 F s.nexuslauncher: runtime.cc:676] "main" prio=10 tid=1 Native
11-03 16:48:07.563  1205  1660 F s.nexuslauncher: runtime.cc:676]   | group="" sCount=1 ucsCount=0 flags=1 obj=0x71b30f58 self=0x7f05175b1380
11-03 16:48:07.563  1205  1660 F s.nexuslauncher: runtime.cc:676]   | sysTid=1205 nice=-10 cgrp=top-app sched=0/0 handle=0x7f065d2f14f8
11-03 16:48:07.563  1205  1660 F s.nexuslauncher: runtime.cc:676]   | state=S schedstat=( 2547072240 5285539989 2168 ) utm=123 stm=131 core=1 HZ=100
11-03 16:48:07.563  1205  1660 F s.nexuslauncher: runtime.cc:676]   | stack=0x7ffe1e91a000-0x7ffe1e91c000 stackSize=8188KB
11-03 16:48:07.563  1205  1660 F s.nexuslauncher: runtime.cc:676]   | held mutexes=
11-03 16:48:07.563  1205  1660 F s.nexuslauncher: runtime.cc:676]   native: #00 pc 000000000005bdc6  /apex/com.android.runtime/lib64/bionic/libc.so (syscall+22) (BuildId: 007cb2313464df63debf8020e631c990)
11-03 16:48:07.563  1205  1660 F s.nexuslauncher: runtime.cc:676]   native: #01 pc 0000000000060442  /apex/com.android.runtime/lib64/bionic/libc.so (__futex_wait_ex(void volatile*, bool, int, bool, timespec const*)+146) (BuildId: 007cb2313464df63debf8020e631c990)
11-03 16:48:07.563  1205  1660 F s.nexuslauncher: runtime.cc:676]   native: #02 pc 00000000000cc0c2  /apex/com.android.runtime/lib64/bionic/libc.so (pthread_cond_wait+50) (BuildId: 007cb2313464df63debf8020e631c990)
11-03 16:48:07.563  1205  1660 F s.nexuslauncher: runtime.cc:676]   native: #03 pc 000000000005491e  /system/lib64/libc++.so (std::__1::condition_variable::wait(std::__1::unique_lock<std::__1::mutex>&)+14) (BuildId: bd55c1b7bc078938968bb8dafd7aa33e)
11-03 16:48:07.563  1205  1660 F s.nexuslauncher: runtime.cc:676]   native: #04 pc 000000000005485a  /system/lib64/libc++.so (std::__1::__assoc_sub_state::copy()+90) (BuildId: bd55c1b7bc078938968bb8dafd7aa33e)
