11-15 12:41:40.217  1335  1335 I KeyboardModeManager: KeyboardModeManager.setInputView():364 setInputView() : supportsOneHandedMode=true
11-15 12:41:40.218  1335  1335 I NormalModeController: NormalModeController.getKeyboardBodyViewHolderPaddingBottom():116 currentPrimeKeyboardType:SOFT systemPaddingBottom:-1
11-15 12:41:40.219  1335  1335 I AndroidIME: KeyboardViewManager.updateKeyboardBodyViewHolderPaddingBottom():604 Set finalPaddingBottom = 0 while keyboardBottomGapFromScreen = 0; navigationHeight = 168
11-15 12:41:40.221  1335  1335 I NormalModeController: NormalModeController.getKeyboardBodyViewHolderPaddingBottom():116 currentPrimeKeyboardType:SOFT systemPaddingBottom:-1
11-15 12:41:40.224  1335  1335 I AndroidIME: KeyboardViewManager.updateKeyboardBodyViewHolderPaddingBottom():604 Set finalPaddingBottom = 0 while keyboardBottomGapFromScreen = 0; navigationHeight = 168
11-15 12:41:40.224  1335  1335 I KeyboardModeManager: KeyboardModeManager.setInputView():356 setInputView() : entry=hwn{languageTag=en-US, variant=qwerty, hasLocalizedResources=true, conditionCacheKey=_device=phone_device_size=default_enable_adaptive_text_editing=false_enable_inline_suggestions_on_client_side=false_enable_large_tablet_batch_1=false_enable_large_tablet_batch_2=false_enable_more_candidates_view_for_multilingual=false_enable_nav_redesign=false_enable_number_row=false_enable_preemptive_decode=true_enable_secondary_symbols=false_expressions=normal_four_or_more_letter_rows=false_keyboard_mode=normal_language=en-US_orientation=portrait_physical_keyboard=qwerty_show_secondary_digits=true_show_suggestions=true_split_with_duplicate_keys=true_variant=qwerty, imeDef.stringId=ime_english_united_states, imeDef.className=com.google.android.apps.inputmethod.libs.latin5.LatinIme, imeDef.languageTag=en-US}
11-15 12:41:40.229  1335  1335 I CurrentMicStatusHolder: CurrentMicStatusHolder.onStartInputView():79 Current Mic status = {MicIconHidden-SettingOff,MicIconHidden-PasswordOrNumberOrDateInputType,}
11-15 12:41:40.229  1335  1335 I VoiceImeExtension: VoiceImeExtension.shouldStartVoiceInputAutomatically():383 No private IME option set to start voice input.
11-15 12:41:40.231  1335  1335 I KeyboardViewUtil: KeyboardViewUtil.canAvoidFullscreenModeByReducingKeyboardHeight():68 can disable full screen mode by lowering keyboard. bodyHeight:2325 minBodyHeight:630
11-15 12:41:40.234  6310  6310 D InsetsController: show(ime(), fromIme=true)
11-15 12:41:40.234  6310  6310 I ImeTracker: com.example.interview:717c8f30: onCancelled at PHASE_CLIENT_APPLY_ANIMATION
11-15 12:41:40.234  1335  1335 I KeyboardViewUtil: KeyboardViewUtil.canAvoidFullscreenModeByReducingKeyboardHeight():68 can disable full screen mode by lowering keyboard. bodyHeight:2325 minBodyHeight:630
11-15 12:41:40.247  6310  6310 D InsetsController: show(ime(), fromIme=true)
11-15 12:41:40.248  6310  6310 I ImeTracker: com.example.interview:c6018a8b: onCancelled at PHASE_CLIENT_APPLY_ANIMATION
11-15 12:41:40.249  1335  1335 I KeyboardViewUtil: KeyboardViewUtil.canAvoidFullscreenModeByReducingKeyboardHeight():68 can disable full screen mode by lowering keyboard. bodyHeight:2325 minBodyHeight:630
11-15 12:41:40.253  1335  2077 D EGL_emulation: app_time_stats: avg=90.43ms min=9.32ms max=376.97ms count=15
11-15 12:41:40.254  1335  1335 I KeyboardViewUtil: KeyboardViewUtil.canAvoidFullscreenModeByReducingKeyboardHeight():68 can disable full screen mode by lowering keyboard. bodyHeight:2325 minBodyHeight:630
11-15 12:41:40.405  6310  6310 D UiControllerImpl: Injecting string: "Siva@123"
11-15 12:41:40.424  6310  6338 D EGL_emulation: app_time_stats: avg=52.82ms min=14.31ms max=234.59ms count=23
11-15 12:41:40.608   796   861 D EGL_emulation: app_time_stats: avg=2.93ms min=1.85ms max=8.21ms count=61
11-15 12:41:40.758  6310  6310 I ViewInteraction: Performing 'close keyboard' action on view view.getRootView() to equal view
11-15 12:41:40.759  6310  6310 D IdlingRegistry: Registering idling resources: [androidx.test.espresso.action.CloseKeyboardAction$CloseKeyboardIdlingResult@af79863]
11-15 12:41:40.761  6310  6310 I ImeTracker: com.example.interview:7efda7bf: onRequestHide at ORIGIN_CLIENT_HIDE_SOFT_INPUT reason HIDE_SOFT_INPUT
11-15 12:41:40.763  1335  1335 I GoogleInputMethodService: GoogleInputMethodService.onFinishInputView():2241
11-15 12:41:40.763  1335  1335 I AndroidIME: AbstractIme.onDeactivate():207 PasswordIme.onDeactivate()
11-15 12:41:40.773  6310  6310 W WindowOnBackDispatcher: sendCancelIfRunning: isInProgress=falsecallback=ImeCallback=ImeOnBackInvokedCallback@182601359 Callback=android.window.IOnBackInvokedCallback$Stub$Proxy@b6c3c60
11-15 12:41:40.899  2742  2984 I Finsky:background: [40] nft.run(22): Stats for Executor: bgExecutor nlp@1ca74dc[Running, pool size = 4, active threads = 0, queued tasks = 0, completed tasks = 4]
11-15 12:41:40.900  2742  2984 I Finsky:background: [40] nft.run(22): Stats for Executor: LightweightExecutor nlp@56a5cba[Running, pool size = 0, active threads = 0, queued tasks = 0, completed tasks = 0]
11-15 12:41:40.987  6310  6310 I ImeTracker: com.example.interview:915c1283: onRequestHide at ORIGIN_CLIENT_HIDE_SOFT_INPUT reason HIDE_SOFT_INPUT_BY_INSETS_API
11-15 12:41:40.988   567   643 I ImeTracker: com.example.interview:915c1283: onCancelled at PHASE_SERVER_SHOULD_HIDE
11-15 12:41:40.990  6310  6310 I ImeTracker: com.example.interview:7efda7bf: onHidden
11-15 12:41:41.076  6310  6310 D IdlingRegistry: Unregistering idling resources: [androidx.test.espresso.action.CloseKeyboardAction$CloseKeyboardIdlingResult@af79863]
11-15 12:41:41.081  6310  6310 I ViewInteraction: Performing 'single click' action on view view.getId() is <2131231010/com.example.interview:id/loginbtn>
11-15 12:41:41.132   413  2750 D audioserver: FGS Logger Transaction failed
11-15 12:41:41.132   413  2750 D audioserver: -129
11-15 12:41:41.139   413   518 D AudioFlinger: mixer(0x7f96b5fba930) throttle end: throttle time(38)
11-15 12:41:41.177  6310  6310 D LifecycleMonitor: Lifecycle status change: com.example.interview.Login@6bf37c0 in: PAUSED
11-15 12:41:41.178  6310  6310 V ActivityScenario: Update currentActivityStage to PAUSED, currentActivity=com.example.interview.Login@6bf37c0
11-15 12:41:41.184   419   419 I BpBinder: onLastStrongRef automatically unlinking death recipients:
11-15 12:41:41.211  6310  6310 D LifecycleMonitor: Lifecycle status change: com.example.interview.DashboardActivity@506cd54 in: PRE_ON_CREATE
11-15 12:41:41.212  6310  6310 V ActivityScenario: Activity lifecycle changed event received but ignored because the intent does not match. startActivityIntent=Intent { act=android.intent.action.MAIN cat=[android.intent.category.LAUNCHER] flg=0x10008000 cmp=com.example.interview/.Login }, activity.getIntent()=Intent { cmp=com.example.interview/.DashboardActivity }, activity=com.example.interview.DashboardActivity@506cd54
11-15 12:41:41.250   413   518 D audioserver: FGS Logger Transaction failed
11-15 12:41:41.250   413   518 D audioserver: -129
11-15 12:41:41.624   796   861 D EGL_emulation: app_time_stats: avg=6.24ms min=1.88ms max=174.80ms count=51
11-15 12:41:41.759  6310  6310 D LifecycleMonitor: Lifecycle status change: com.example.interview.DashboardActivity@506cd54 in: CREATED
11-15 12:41:41.759  6310  6310 V ActivityScenario: Activity lifecycle changed event received but ignored because the intent does not match. startActivityIntent=Intent { act=android.intent.action.MAIN cat=[android.intent.category.LAUNCHER] flg=0x10008000 cmp=com.example.interview/.Login }, activity.getIntent()=Intent { cmp=com.example.interview/.DashboardActivity }, activity=com.example.interview.DashboardActivity@506cd54
11-15 12:41:41.824  6310  6310 D CompatibilityChangeReporter: Compat change id reported: 171228096; UID 10185; state: ENABLED
11-15 12:41:41.901  6310  6310 W DataBinding: Setting the fragment as the LifecycleOwner might cause memory leaks because views lives shorter than the Fragment. Consider using Fragment's view lifecycle
11-15 12:41:41.960  6310  6310 W DataBinding: Setting the fragment as the LifecycleOwner might cause memory leaks because views lives shorter than the Fragment. Consider using Fragment's view lifecycle
11-15 12:41:41.995  6310  6310 D LifecycleMonitor: Lifecycle status change: com.example.interview.DashboardActivity@506cd54 in: STARTED
11-15 12:41:41.996  6310  6310 V ActivityScenario: Activity lifecycle changed event received but ignored because the intent does not match. startActivityIntent=Intent { act=android.intent.action.MAIN cat=[android.intent.category.LAUNCHER] flg=0x10008000 cmp=com.example.interview/.Login }, activity.getIntent()=Intent { cmp=com.example.interview/.DashboardActivity }, activity=com.example.interview.DashboardActivity@506cd54
11-15 12:41:41.999  6310  6310 D LifecycleMonitor: Lifecycle status change: com.example.interview.DashboardActivity@506cd54 in: RESUMED
11-15 12:41:41.999  6310  6310 V ActivityScenario: Activity lifecycle changed event received but ignored because the intent does not match. startActivityIntent=Intent { act=android.intent.action.MAIN cat=[android.intent.category.LAUNCHER] flg=0x10008000 cmp=com.example.interview/.Login }, activity.getIntent()=Intent { cmp=com.example.interview/.DashboardActivity }, activity=com.example.interview.DashboardActivity@506cd54
11-15 12:41:42.012  6310  6310 I Choreographer: Skipped 48 frames!  The application may be doing too much work on its main thread.
11-15 12:41:42.022  6310  6310 D AutofillManager: view not autofillable - not passing ime action check
11-15 12:41:42.022  6310  6310 D AutofillManager: view not autofillable - not passing ime action check
11-15 12:41:42.067  6310  6338 E OpenGLRenderer: Unable to match the desired swap behavior.
11-15 12:41:42.105  6310  6310 D Dash    : Image Id: 2131165323, Name:Electronics
11-15 12:41:42.114  6310  6310 D Dash    : Image Id: 2131165371, Name:Mobiles
11-15 12:41:42.122  6310  6310 D Dash    : Image Id: 2131165316, Name:Clothes
11-15 12:41:42.203  6310  6338 D EGL_emulation: app_time_stats: avg=118.38ms min=14.99ms max=1009.60ms count=15
11-15 12:41:42.206   567   595 I ActivityTaskManager: Displayed com.example.interview/.DashboardActivity for user 0: +1s43ms
11-15 12:41:42.211  6310  6324 I OpenGLRenderer: Davey! duration=993ms; Flags=1, FrameTimelineVsyncId=38271, IntendedVsync=2541076085986, Vsync=2541876085954, InputEventId=0, HandleInputStart=2541889824900, AnimationStart=2541889852100, PerformTraversalsStart=2541890752300, DrawStart=2542007378100, FrameDeadline=2541092752652, FrameInterval=2541889138400, FrameStartTime=16666666, SyncQueued=2542023222900, SyncStart=2542024753600, IssueDrawCommandsStart=2542025095500, SwapBuffers=2542069672800, FrameCompleted=2542071592900, DequeueBufferDuration=116800, QueueBufferDuration=691900, GpuCompleted=2542071100000, SwapBuffersCompleted=2542071592900, DisplayPresentTime=0, CommandSubmissionCompleted=2542069672800,
11-15 12:41:42.223  6310  6324 I OpenGLRenderer: Davey! duration=1003ms; Flags=1, FrameTimelineVsyncId=38271, IntendedVsync=2541076085986, Vsync=2541876085954, InputEventId=0, HandleInputStart=2541889824900, AnimationStart=2541889852100, PerformTraversalsStart=2541890752300, DrawStart=2542074569400, FrameDeadline=2541092752652, FrameInterval=2541889138400, FrameStartTime=16666666, SyncQueued=2542074642500, SyncStart=2542075213500, IssueDrawCommandsStart=2542075302100, SwapBuffers=2542076681300, FrameCompleted=2542080643400, DequeueBufferDuration=97800, QueueBufferDuration=705700, GpuCompleted=2542080058900, SwapBuffersCompleted=2542080643400, DisplayPresentTime=106397549811138562, CommandSubmissionCompleted=2542076681300,
11-15 12:41:42.257  6310  6361 D ProfileInstaller: Installing profile for com.example.interview
11-15 12:41:42.367  6310  6310 D RootViewPicker: Root not ready - waiting: 10ms for one to appear.
11-15 12:41:42.380  6310  6310 D RootViewPicker: Root not ready - waiting: 25ms for one to appear.
11-15 12:41:42.414   567  2488 I ImeTracker: com.example.interview:a49a6b8e: onRequestHide at ORIGIN_SERVER_HIDE_INPUT reason HIDE_UNSPECIFIED_WINDOW
11-15 12:41:42.414   567  2488 I ImeTracker: com.example.interview:a49a6b8e: onCancelled at PHASE_SERVER_SHOULD_HIDE
11-15 12:41:42.416  1335  1335 I GoogleInputMethodService: GoogleInputMethodService.onFinishInput():3227
11-15 12:41:42.421  1335  1335 I GoogleInputMethodService: GoogleInputMethodService.updateDeviceLockedStatus():2087 repeatCheckTimes = 0, unlocked = true
11-15 12:41:42.422  1335  1335 I GoogleInputMethodService: GoogleInputMethodService.onStartInput():1877 onStartInput(EditorInfo{inputType=0x0(NULL) imeOptions=0x0 privateImeOptions=null actionName=UNSPECIFIED actionLabel=null actionId=0 initialSelStart=-1 initialSelEnd=-1 initialCapsMode=0x0 hintText=null label=null packageName=com.example.interview fieldId=0 fieldName=null extras=null}, false)
11-15 12:41:42.422  1335  1335 I GoogleInputMethodService: GoogleInputMethodService.shouldHideHeaderOnInitialState():4008 ShouldHideHeaderOnInitialState = false
11-15 12:41:42.425  1335  1335 I GoogleInputMethodService: GoogleInputMethodService.updateDeviceLockedStatus():2087 repeatCheckTimes = 2, unlocked = true
11-15 12:41:42.426  1335  1335 I HardKeyTracker: HardKeyTracker.registerKeySequence():62 Register key sequence hox{callback=eac@7293938, lastModifier=0, keyCodes=[57, 57], actions=[1, 0]}
11-15 12:41:42.426  1335  1335 I HardKeyTracker: HardKeyTracker.registerKeySequence():62 Register key sequence hox{callback=eac@d86bc77, lastModifier=0, keyCodes=[58, 58], actions=[1, 0]}
11-15 12:41:42.451  6310  6310 I ViewInteraction: Checking 'MatchesViewAssertion{viewMatcher=(view has effective visibility <VISIBLE> and view.getGlobalVisibleRect() to return non-empty rectangle)}' assertion on view view.getId() is <2131231183/com.example.interview:id/search>
11-15 12:41:42.499  6310  6310 D LifecycleMonitor: Lifecycle status change: com.example.interview.DashboardActivity@506cd54 in: PAUSED
11-15 12:41:42.500  6310  6310 V ActivityScenario: Activity lifecycle changed event received but ignored because the intent does not match. startActivityIntent=Intent { act=android.intent.action.MAIN cat=[android.intent.category.LAUNCHER] flg=0x10008000 cmp=com.example.interview/.Login }, activity.getIntent()=Intent { cmp=com.example.interview/.DashboardActivity }, activity=com.example.interview.DashboardActivity@506cd54
11-15 12:41:42.535  6310  6310 D LifecycleMonitor: Lifecycle status change: androidx.test.core.app.InstrumentationActivityInvoker$EmptyActivity@91190ea in: PRE_ON_CREATE
11-15 12:41:42.538  6310  6310 V ActivityScenario: Activity lifecycle changed event received but ignored because the intent does not match. startActivityIntent=Intent { act=android.intent.action.MAIN cat=[android.intent.category.LAUNCHER] flg=0x10008000 cmp=com.example.interview/.Login }, activity.getIntent()=Intent { act=android.intent.action.MAIN cat=[android.intent.category.LAUNCHER] flg=0x10000000 cmp=com.example.interview/androidx.test.core.app.InstrumentationActivityInvoker$EmptyActivity }, activity=androidx.test.core.app.InstrumentationActivityInvoker$EmptyActivity@91190ea
11-15 12:41:42.549  6310  6310 D LifecycleMonitor: Lifecycle status change: androidx.test.core.app.InstrumentationActivityInvoker$EmptyActivity@91190ea in: CREATED
11-15 12:41:42.550  6310  6310 V ActivityScenario: Activity lifecycle changed event received but ignored because the intent does not match. startActivityIntent=Intent { act=android.intent.action.MAIN cat=[android.intent.category.LAUNCHER] flg=0x10008000 cmp=com.example.interview/.Login }, activity.getIntent()=Intent { act=android.intent.action.MAIN cat=[android.intent.category.LAUNCHER] flg=0x10000000 cmp=com.example.interview/androidx.test.core.app.InstrumentationActivityInvoker$EmptyActivity }, activity=androidx.test.core.app.InstrumentationActivityInvoker$EmptyActivity@91190ea
11-15 12:41:42.555  6310  6310 D LifecycleMonitor: Lifecycle status change: androidx.test.core.app.InstrumentationActivityInvoker$EmptyActivity@91190ea in: STARTED
11-15 12:41:42.557  6310  6310 V ActivityScenario: Activity lifecycle changed event received but ignored because the intent does not match. startActivityIntent=Intent { act=android.intent.action.MAIN cat=[android.intent.category.LAUNCHER] flg=0x10008000 cmp=com.example.interview/.Login }, activity.getIntent()=Intent { act=android.intent.action.MAIN cat=[android.intent.category.LAUNCHER] flg=0x10000000 cmp=com.example.interview/androidx.test.core.app.InstrumentationActivityInvoker$EmptyActivity }, activity=androidx.test.core.app.InstrumentationActivityInvoker$EmptyActivity@91190ea
11-15 12:41:42.563  6310  6310 D LifecycleMonitor: Lifecycle status change: androidx.test.core.app.InstrumentationActivityInvoker$EmptyActivity@91190ea in: RESUMED
11-15 12:41:42.565  6310  6310 V ActivityScenario: Activity lifecycle changed event received but ignored because the intent does not match. startActivityIntent=Intent { act=android.intent.action.MAIN cat=[android.intent.category.LAUNCHER] flg=0x10008000 cmp=com.example.interview/.Login }, activity.getIntent()=Intent { act=android.intent.action.MAIN cat=[android.intent.category.LAUNCHER] flg=0x10000000 cmp=com.example.interview/androidx.test.core.app.InstrumentationActivityInvoker$EmptyActivity }, activity=androidx.test.core.app.InstrumentationActivityInvoker$EmptyActivity@91190ea
11-15 12:41:42.609  6310  6338 E OpenGLRenderer: Unable to match the desired swap behavior.
11-15 12:41:42.657   567   595 I ActivityTaskManager: Displayed com.example.interview/androidx.test.core.app.InstrumentationActivityInvoker$EmptyActivity for user 0: +180ms
11-15 12:41:42.724  6310  6310 D LifecycleMonitor: Lifecycle status change: com.example.interview.Login@6bf37c0 in: STOPPED
11-15 12:41:42.725  6310  6310 V ActivityScenario: Update currentActivityStage to STOPPED, currentActivity=com.example.interview.Login@6bf37c0
11-15 12:41:42.728  6310  6310 D LifecycleMonitor: Lifecycle status change: com.example.interview.Login@6bf37c0 in: DESTROYED
11-15 12:41:42.729  6310  6310 V ActivityScenario: Update currentActivityStage to DESTROYED, currentActivity=null
11-15 12:41:42.730  6310  6310 W WindowOnBackDispatcher: sendCancelIfRunning: isInProgress=falsecallback=android.view.ViewRootImpl$$ExternalSyntheticLambda17@c80d140
11-15 12:41:42.736   567  2488 W InputManager-JNI: Input channel object '5277c0c com.example.interview/com.example.interview.Login (client)' was disposed without first being removed with the input manager!
11-15 12:41:42.748  6310  6310 D LifecycleMonitor: Lifecycle status change: com.example.interview.DashboardActivity@506cd54 in: STOPPED
11-15 12:41:42.749  6310  6310 V ActivityScenario: Activity lifecycle changed event received but ignored because the intent does not match. startActivityIntent=Intent { act=android.intent.action.MAIN cat=[android.intent.category.LAUNCHER] flg=0x10008000 cmp=com.example.interview/.Login }, activity.getIntent()=Intent { cmp=com.example.interview/.DashboardActivity }, activity=com.example.interview.DashboardActivity@506cd54
11-15 12:41:42.769  6310  6310 D AutofillManager: view not autofillable - not passing ime action check
11-15 12:41:42.782  6310  6310 D AutofillManager: view not autofillable - not passing ime action check
11-15 12:41:42.801   419   419 I BpBinder: onLastStrongRef automatically unlinking death recipients:
11-15 12:41:42.801   567   643 I ImeTracker: com.example.interview:853d958e: onRequestHide at ORIGIN_SERVER_HIDE_INPUT reason HIDE_UNSPECIFIED_WINDOW
11-15 12:41:42.802   567   643 I ImeTracker: com.example.interview:853d958e: onCancelled at PHASE_SERVER_SHOULD_HIDE
11-15 12:41:42.806  1335  1335 I GoogleInputMethodService: GoogleInputMethodService.onFinishInput():3227
11-15 12:41:42.809  1335  1335 I GoogleInputMethodService: GoogleInputMethodService.updateDeviceLockedStatus():2087 repeatCheckTimes = 0, unlocked = true
11-15 12:41:42.809  1335  1335 I GoogleInputMethodService: GoogleInputMethodService.onStartInput():1877 onStartInput(EditorInfo{inputType=0x0(NULL) imeOptions=0x0 privateImeOptions=null actionName=UNSPECIFIED actionLabel=null actionId=0 initialSelStart=-1 initialSelEnd=-1 initialCapsMode=0x0 hintText=null label=null packageName=com.example.interview fieldId=0 fieldName=null extras=null}, false)
11-15 12:41:42.809  1335  1335 I GoogleInputMethodService: GoogleInputMethodService.shouldHideHeaderOnInitialState():4008 ShouldHideHeaderOnInitialState = false
11-15 12:41:42.811  1335  1335 I GoogleInputMethodService: GoogleInputMethodService.updateDeviceLockedStatus():2087 repeatCheckTimes = 2, unlocked = true
11-15 12:41:42.818  6310  6310 D LifecycleMonitor: Lifecycle status change: androidx.test.core.app.InstrumentationActivityInvoker$EmptyActivity@91190ea in: PAUSED
11-15 12:41:42.821  6310  6310 V ActivityScenario: Activity lifecycle changed event received but ignored because the intent does not match. startActivityIntent=Intent { act=android.intent.action.MAIN cat=[android.intent.category.LAUNCHER] flg=0x10008000 cmp=com.example.interview/.Login }, activity.getIntent()=Intent { act=android.intent.action.MAIN cat=[android.intent.category.LAUNCHER] flg=0x10000000 cmp=com.example.interview/androidx.test.core.app.InstrumentationActivityInvoker$EmptyActivity }, activity=androidx.test.core.app.InstrumentationActivityInvoker$EmptyActivity@91190ea
11-15 12:41:42.840  6310  6310 D LifecycleMonitor: Lifecycle status change: com.example.interview.DashboardActivity@506cd54 in: RESTARTED
11-15 12:41:42.842  6310  6310 V ActivityScenario: Activity lifecycle changed event received but ignored because the intent does not match. startActivityIntent=Intent { act=android.intent.action.MAIN cat=[android.intent.category.LAUNCHER] flg=0x10008000 cmp=com.example.interview/.Login }, activity.getIntent()=Intent { cmp=com.example.interview/.DashboardActivity }, activity=com.example.interview.DashboardActivity@506cd54
11-15 12:41:42.846  6310  6310 D LifecycleMonitor: Lifecycle status change: com.example.interview.DashboardActivity@506cd54 in: STARTED
11-15 12:41:42.849  6310  6310 V ActivityScenario: Activity lifecycle changed event received but ignored because the intent does not match. startActivityIntent=Intent { act=android.intent.action.MAIN cat=[android.intent.category.LAUNCHER] flg=0x10008000 cmp=com.example.interview/.Login }, activity.getIntent()=Intent { cmp=com.example.interview/.DashboardActivity }, activity=com.example.interview.DashboardActivity@506cd54
11-15 12:41:42.853  6310  6310 D LifecycleMonitor: Lifecycle status change: com.example.interview.DashboardActivity@506cd54 in: RESUMED
11-15 12:41:42.855  6310  6310 V ActivityScenario: Activity lifecycle changed event received but ignored because the intent does not match. startActivityIntent=Intent { act=android.intent.action.MAIN cat=[android.intent.category.LAUNCHER] flg=0x10008000 cmp=com.example.interview/.Login }, activity.getIntent()=Intent { cmp=com.example.interview/.DashboardActivity }, activity=com.example.interview.DashboardActivity@506cd54
11-15 12:41:42.862  6310  6310 D AutofillManager: view not autofillable - not passing ime action check
11-15 12:41:42.899  6310  6338 E OpenGLRenderer: Unable to match the desired swap behavior.
11-15 12:41:42.948  6310  6335 I TestRunner: finished: testLoginSuccess(com.example.interview.ExampleInstrumentedTest)
