12-11 17:40:01.211  3340  3340 I DeviceModeUtil: DeviceModeUtil.getDeviceMode():122 Get device mode phone by ui mode:1 and smallestScreenWidthDp:411
12-11 17:40:01.212  3340  3340 I KeyboardModeManager: KeyboardModeManager.setInputView():364 setInputView() : supportsOneHandedMode=true
12-11 17:40:01.213  3340  3340 I NormalModeController: NormalModeController.getKeyboardBodyViewHolderPaddingBottom():116 currentPrimeKeyboardType:SOFT systemPaddingBottom:-1
12-11 17:40:01.217  3340  3340 I NormalModeController: NormalModeController.getKeyboardBodyViewHolderPaddingBottom():116 currentPrimeKeyboardType:SOFT systemPaddingBottom:-1
12-11 17:40:01.222  3340  3340 I KeyboardModeManager: KeyboardModeManager.setInputView():356 setInputView() : entry=hwn{languageTag=en-US, variant=qwerty, hasLocalizedResources=true, conditionCacheKey=_device=phone_device_size=default_enable_adaptive_text_editing=true_enable_inline_suggestions_on_client_side=false_enable_large_tablet_batch_1=false_enable_large_tablet_batch_2=false_enable_more_candidates_view_for_multilingual=false_enable_nav_redesign=false_enable_number_row=false_enable_preemptive_decode=true_enable_secondary_symbols=false_expressions=normal_four_or_more_letter_rows=false_keyboard_mode=normal_language=en-US_orientation=portrait_physical_keyboard=qwerty_show_secondary_digits=true_show_suggestions=true_split_with_duplicate_keys=true_variant=qwerty, imeDef.stringId=ime_english_united_states, imeDef.className=com.google.android.apps.inputmethod.libs.latin5.LatinIme, imeDef.languageTag=en-US}
12-11 17:40:01.233  3340  3340 I CurrentMicStatusHolder: CurrentMicStatusHolder.onStartInputView():79 Current Mic status = {MicIconHidden-SettingOff,MicIconHidden-PasswordOrNumberOrDateInputType,}
12-11 17:40:01.234  3340  3340 I VoiceImeExtension: VoiceImeExtension.shouldStartVoiceInputAutomatically():383 No private IME option set to start voice input.
12-11 17:40:01.246  3340  3340 I DeviceModeUtil: DeviceModeUtil.getDeviceMode():122 Get device mode phone by ui mode:1 and smallestScreenWidthDp:411
12-11 17:40:01.264 16749 16749 D InsetsController: show(ime(), fromIme=true)
12-11 17:40:01.264 16749 16749 I ImeTracker: com.example.interview:6e77b91f: onCancelled at PHASE_CLIENT_APPLY_ANIMATION
12-11 17:40:01.295  5815  5815 D BoundBrokerSvc: onBind: Intent { act=com.google.android.gms.common.BIND_SHARED_PREFS pkg=com.google.android.gms }
12-11 17:40:01.296  5815  5815 D BoundBrokerSvc: Loading bound service for intent: Intent { act=com.google.android.gms.common.BIND_SHARED_PREFS pkg=com.google.android.gms }
12-11 17:40:01.322  3340  3340 W TextView: onProvideContentCaptureStructure(): calling assumeLayout()
12-11 17:40:01.323  3340  3340 W TextView: onProvideContentCaptureStructure(): calling assumeLayout()
12-11 17:40:01.329  5815  5815 D BoundBrokerSvc: onUnbind: Intent { act=com.google.android.gms.common.BIND_SHARED_PREFS pkg=com.google.android.gms }
12-11 17:40:01.351  3340  3340 W TextView: onProvideContentCaptureStructure(): calling assumeLayout()
12-11 17:40:01.351  3340  3340 W TextView: onProvideContentCaptureStructure(): calling assumeLayout()
12-11 17:40:01.354  3340  3340 W TextView: onProvideContentCaptureStructure(): calling assumeLayout()
12-11 17:40:01.355  3340  3340 W TextView: onProvideContentCaptureStructure(): calling assumeLayout()
12-11 17:40:01.357  3340  3340 W TextView: onProvideContentCaptureStructure(): calling assumeLayout()
12-11 17:40:01.357  3340  3340 W TextView: onProvideContentCaptureStructure(): calling assumeLayout()
12-11 17:40:01.364 16749 16749 D UiControllerImpl: Injecting string: "Siva@123"
12-11 17:40:01.360  3340  3340 W TextView: onProvideContentCaptureStructure(): calling assumeLayout()
12-11 17:40:01.379  3340  3586 D EGL_emulation: app_time_stats: avg=331.88ms min=26.87ms max=1203.46ms count=6
12-11 17:40:01.382  3340  3340 W TextView: onProvideContentCaptureStructure(): calling assumeLayout()
12-11 17:40:01.392  3340  3340 W TextView: onProvideContentCaptureStructure(): calling assumeLayout()
12-11 17:40:01.396  3340  3340 I DeviceModeUtil: DeviceModeUtil.getDeviceMode():122 Get device mode phone by ui mode:1 and smallestScreenWidthDp:411
12-11 17:40:01.447  3340  3340 I DeviceModeUtil: DeviceModeUtil.getDeviceMode():122 Get device mode phone by ui mode:1 and smallestScreenWidthDp:411
12-11 17:40:01.456 16749 16749 D InsetsController: show(ime(), fromIme=true)
12-11 17:40:01.458  3340  3340 I DeviceModeUtil: DeviceModeUtil.getDeviceMode():122 Get device mode phone by ui mode:1 and smallestScreenWidthDp:411
12-11 17:40:01.458 16749 16749 I ImeTracker: com.example.interview:93e1553e: onCancelled at PHASE_CLIENT_APPLY_ANIMATION
12-11 17:40:01.578  5815  5815 D BoundBrokerSvc: onBind: Intent { act=com.google.android.gms.common.BIND_SHARED_PREFS pkg=com.google.android.gms }
12-11 17:40:01.578  5815  5815 D BoundBrokerSvc: Loading bound service for intent: Intent { act=com.google.android.gms.common.BIND_SHARED_PREFS pkg=com.google.android.gms }
12-11 17:40:01.610  5815  5815 D BoundBrokerSvc: onUnbind: Intent { act=com.google.android.gms.common.BIND_SHARED_PREFS pkg=com.google.android.gms }
12-11 17:40:01.668 16749 16779 D EGL_emulation: app_time_stats: avg=135.47ms min=46.45ms max=386.77ms count=8
12-11 17:40:02.363  3340  3586 D EGL_emulation: app_time_stats: avg=193.56ms min=31.71ms max=434.66ms count=5
12-11 17:40:02.788 16749 16779 D EGL_emulation: app_time_stats: avg=123.65ms min=81.21ms max=195.84ms count=9
12-11 17:40:02.934 16749 16749 I ViewInteraction: Performing 'close keyboard' action on view view.getRootView() to equal view
12-11 17:40:02.954 16749 16749 D IdlingRegistry: Registering idling resources: [androidx.test.espresso.action.CloseKeyboardAction$CloseKeyboardIdlingResult@2e0968c]
12-11 17:40:02.966 16749 16749 I ImeTracker: com.example.interview:61143049: onRequestHide at ORIGIN_CLIENT_HIDE_SOFT_INPUT reason HIDE_SOFT_INPUT
12-11 17:40:02.992  3340  3340 I GoogleInputMethodService: GoogleInputMethodService.onFinishInputView():2241
12-11 17:40:03.002  3340  3340 W TooltipLifecycleManager: TooltipLifecycleManager.dismissTooltips():159 Tooltip with id spell_check_add_to_dictionary not found in tooltipManager.
12-11 17:40:03.014  3340  3340 I AndroidIME: AbstractIme.onDeactivate():207 PasswordIme.onDeactivate()
12-11 17:40:03.031 16749 16749 W WindowOnBackDispatcher: sendCancelIfRunning: isInProgress=falsecallback=ImeCallback=ImeOnBackInvokedCallback@108964865 Callback=android.window.IOnBackInvokedCallback$Stub$Proxy@3c6f1d5
12-11 17:40:03.342 16749 16749 D IdlingRegistry: Unregistering idling resources: [androidx.test.espresso.action.CloseKeyboardAction$CloseKeyboardIdlingResult@2e0968c]
12-11 17:40:03.379   809   878 D EGL_emulation: app_time_stats: avg=516.19ms min=11.46ms max=4194.68ms count=9
12-11 17:40:03.478 16749 16749 I ViewInteraction: Performing 'single click' action on view view.getId() is <2131296559/com.example.interview:id/loginbtn>
12-11 17:40:03.502 16749 16749 I ImeTracker: com.example.interview:16e6aeba: onRequestHide at ORIGIN_CLIENT_HIDE_SOFT_INPUT reason HIDE_SOFT_INPUT_BY_INSETS_API
12-11 17:40:03.508   582  2474 I ImeTracker: com.example.interview:16e6aeba: onCancelled at PHASE_SERVER_SHOULD_HIDE
12-11 17:40:03.519 16749 16749 I ImeTracker: com.example.interview:61143049: onHidden
12-11 17:40:03.742   408   408 D audioserver: FGS Logger Transaction failed
12-11 17:40:03.743   408   408 D audioserver: -129
12-11 17:40:03.762   408   534 D AudioFlinger: mixer(0x7f47c9f17930) throttle end: throttle time(37)
12-11 17:40:03.906   408   534 D audioserver: FGS Logger Transaction failed
12-11 17:40:03.908   408   534 D audioserver: -129
12-11 17:40:04.364 16749 16749 D AppDB   : Table : CREATE TABLE users(_id INTEGER PRIMARY KEY AUTOINCREMENT,name TEXT,mName TEXT,lName TEXT,mobile TEXT,email TEXT,flat TEXT,street TEXT,landmark TEXT,city TEXT,pincode INTEGER,password TEXT)
12-11 17:40:04.389   809   878 D EGL_emulation: app_time_stats: avg=21.38ms min=9.06ms max=52.92ms count=32
12-11 17:40:04.498 16749 16749 D CompatibilityChangeReporter: Compat change id reported: 147798919; UID 10203; state: ENABLED
12-11 17:40:04.525 16749 16749 I Choreographer: Skipped 53 frames!  The application may be doing too much work on its main thread.
12-11 17:40:04.589 16749 16779 D EGL_emulation: app_time_stats: avg=298.71ms min=12.01ms max=908.61ms count=6
12-11 17:40:04.822   809   878 E OpenGLRenderer: Unable to match the desired swap behavior.
12-11 17:40:05.077 16749 16749 I ViewInteraction: Checking 'MatchesViewAssertion{viewMatcher=(view has effective visibility <VISIBLE> and view.getGlobalVisibleRect() to return non-empty rectangle)}' assertion on view view.getId() is <2131296739/com.example.interview:id/search>
12-11 17:40:05.126 16749 16777 I UiAutomation: Initialized for user 0 on display 0
12-11 17:40:05.206  1523  3132 I AiAiEcho: Settings changed for uri: content://settings/secure/accessibility_enabled
12-11 17:40:05.213  1523  1850 I AiAiEcho: Predicting[0]:
12-11 17:40:05.214  1523  1850 I AiAiEcho: EchoTargets:
12-11 17:40:05.214  1523  1850 I AiAiEcho: Filtered by AiAi flag check:
12-11 17:40:05.214  1523  1850 I AiAiEcho: Ranked targets strategy: SORT, count: 0, ranking metadata:
12-11 17:40:05.235  1523  1850 I AiAiEcho: Predicting[0]:
12-11 17:40:05.235  1523  1850 I AiAiEcho: EchoTargets:
12-11 17:40:05.235  1523  1850 I AiAiEcho: Filtered by AiAi flag check:
12-11 17:40:05.235  1523  1850 I AiAiEcho: Ranked targets strategy: SORT, count: 0, ranking metadata:
12-11 17:40:05.237  1523  1850 I AiAiEcho: Predicting[0]:
12-11 17:40:05.250  1523  1850 I AiAiEcho: EchoTargets:
12-11 17:40:05.250  1523  1850 I AiAiEcho: Filtered by AiAi flag check:
12-11 17:40:05.250  1722  1955 I A       : NGA disabled since it's running Panthera and at least one a11y feature is on.
12-11 17:40:05.250  1722  1955 I A       : Nga state changed to NgaStateDetails{state=DISABLED, isSpecialExperience=false}
12-11 17:40:05.251  1523  1850 I AiAiEcho: Ranked targets strategy: SORT, count: 0, ranking metadata:
12-11 17:40:05.263  1523  1850 I AiAiEcho: #postPredictionTargets: Sending updates to UISurface media_data_manager with targets# 0 (types=[])
12-11 17:40:05.271  1523  1850 I AiAiEcho: #postPredictionTargets: Sending updates to UISurface lockscreen with targets# 0 (types=[])
12-11 17:40:05.282  1544 15908 I A       : APA or Classic session decision: SessionDecision(sessionVariance=CLASSIC, platformVariance=CLASSIC, justification=CURRENT_PLATFORM_VARIANCE).
12-11 17:40:05.289 16749 16749 D takeScreenshot: Found 1 global views to redraw
12-11 17:40:05.294  1544  2052 I A       : Unsubscribed to apa or classic variant change.
12-11 17:40:05.310  1544 15908 I A       : [Memory] eligibility: StashEligibility{4}
12-11 17:40:05.333  1523  1850 I AiAiEcho: #postPredictionTargets: Sending updates to UISurface home with targets# 0 (types=[])
12-11 17:40:05.485   160   160 I hwservicemanager: getTransport: Cannot find entry android.hardware.graphics.mapper@4.0::IMapper/default in either framework or device VINTF manifest.
12-11 17:40:05.485   809   809 D SsMediaDataProvider: Forwarding Smartspace updates []
12-11 17:40:05.486 16730 16747 I Gralloc4: mapper 4.x is not supported
12-11 17:40:05.486   809   809 W PageIndicator: Total number of pages invalid: 0. Assuming 1 page.
12-11 17:40:05.562 16730 16804 D libEGL  : loaded /vendor/lib64/egl/libEGL_emulation.so
12-11 17:40:05.564 16730 16804 D libEGL  : loaded /vendor/lib64/egl/libGLESv1_CM_emulation.so
12-11 17:40:05.569 16730 16804 D libEGL  : loaded /vendor/lib64/egl/libGLESv2_emulation.so
12-11 17:40:05.638 16730 16804 W OpenGLRenderer: Failed to choose config with EGL_SWAP_BEHAVIOR_PRESERVED, retrying without...
12-11 17:40:05.647 16730 16804 W OpenGLRenderer: Failed to initialize 101010-2 format, error = EGL_SUCCESS
12-11 17:40:06.814   353  3583 D android.hardware.audio@7.1-impl.ranchu: threadLoop: entering standby, frames: 11268576
12-11 17:40:06.952 16749 16761 I ample.interview: Background concurrent copying GC freed 53575(3461KB) AllocSpace objects, 5(100KB) LOS objects, 49% free, 3850KB/7701KB, paused 1.843ms,156us total 142.959ms
12-11 17:40:07.330 16749 16779 D EGL_emulation: app_time_stats: avg=445.56ms min=12.86ms max=1968.83ms count=6
12-11 17:40:07.382  1500  6359 W MediaProvider: isAppCloneUserPair for user 0: false
12-11 17:40:07.615  5764 16505 I NetworkScheduler.Stats: (REDACTED) Task %s/%s started execution. cause:%s exec_start_elapsed_seconds: %s
12-11 17:40:07.642  5764 12658 I NetworkScheduler.Stats: (REDACTED) Task %s/%s finished executing. cause:%s result: %s elapsed_millis: %s uptime_millis: %s exec_start_elapsed_seconds: %s
12-11 17:40:08.228  1500  6359 W MediaProvider: isAppCloneUserPair for user 0: false
12-11 17:40:08.244 16749 16777 W ViewHierarchyExceptionHandler: The complete view hierarchy is available in artifact file 'view-hierarchy-1.txt'.
12-11 17:40:08.415   412   412 I BpBinder: onLastStrongRef automatically unlinking death recipients:
12-11 17:40:08.417   809   878 D EGL_emulation: app_time_stats: avg=388.96ms min=7.99ms max=3249.68ms count=9
12-11 17:40:08.441 16749 16749 D LifecycleMonitor: Lifecycle status change: com.example.interview.Login@2358fc0 in: PAUSED
12-11 17:40:08.443 16749 16749 V ActivityScenario: Update currentActivityStage to PAUSED, currentActivity=com.example.interview.Login@2358fc0
12-11 17:40:08.589  5764 16413 I NetworkScheduler.Stats: (REDACTED) Task %s/%s started execution. cause:%s exec_start_elapsed_seconds: %s
12-11 17:40:08.591 16749 16749 D LifecycleMonitor: Lifecycle status change: androidx.test.core.app.InstrumentationActivityInvoker$EmptyActivity@274eddd in: PRE_ON_CREATE
12-11 17:40:08.600 16749 16749 V ActivityScenario: Activity lifecycle changed event received but ignored because the intent does not match. startActivityIntent=Intent { act=android.intent.action.MAIN cat=[android.intent.category.LAUNCHER] flg=0x10008000 cmp=com.example.interview/.Login }, activity.getIntent()=Intent { act=android.intent.action.MAIN cat=[android.intent.category.LAUNCHER] flg=0x10000000 cmp=com.example.interview/androidx.test.core.app.InstrumentationActivityInvoker$EmptyActivity }, activity=androidx.test.core.app.InstrumentationActivityInvoker$EmptyActivity@274eddd
12-11 17:40:08.655   809   809 W WindowOnBackDispatcher: sendCancelIfRunning: isInProgress=falsecallback=android.view.ViewRootImpl$$ExternalSyntheticLambda17@5d487d9
12-11 17:40:08.682   582  2291 W InputManager-JNI: Input channel object '7ef312d Toast (client)' was disposed without first being removed with the input manager!
12-11 17:40:08.721  5764 16505 I NetworkScheduler.Stats: (REDACTED) Task %s/%s finished executing. cause:%s result: %s elapsed_millis: %s uptime_millis: %s exec_start_elapsed_seconds: %s
12-11 17:40:08.758 16749 16749 D LifecycleMonitor: Lifecycle status change: androidx.test.core.app.InstrumentationActivityInvoker$EmptyActivity@274eddd in: CREATED
12-11 17:40:08.761 16749 16749 V ActivityScenario: Activity lifecycle changed event received but ignored because the intent does not match. startActivityIntent=Intent { act=android.intent.action.MAIN cat=[android.intent.category.LAUNCHER] flg=0x10008000 cmp=com.example.interview/.Login }, activity.getIntent()=Intent { act=android.intent.action.MAIN cat=[android.intent.category.LAUNCHER] flg=0x10000000 cmp=com.example.interview/androidx.test.core.app.InstrumentationActivityInvoker$EmptyActivity }, activity=androidx.test.core.app.InstrumentationActivityInvoker$EmptyActivity@274eddd
12-11 17:40:08.774 16749 16749 D LifecycleMonitor: Lifecycle status change: androidx.test.core.app.InstrumentationActivityInvoker$EmptyActivity@274eddd in: STARTED
12-11 17:40:08.779 16749 16749 V ActivityScenario: Activity lifecycle changed event received but ignored because the intent does not match. startActivityIntent=Intent { act=android.intent.action.MAIN cat=[android.intent.category.LAUNCHER] flg=0x10008000 cmp=com.example.interview/.Login }, activity.getIntent()=Intent { act=android.intent.action.MAIN cat=[android.intent.category.LAUNCHER] flg=0x10000000 cmp=com.example.interview/androidx.test.core.app.InstrumentationActivityInvoker$EmptyActivity }, activity=androidx.test.core.app.InstrumentationActivityInvoker$EmptyActivity@274eddd
12-11 17:40:08.798 16749 16749 D LifecycleMonitor: Lifecycle status change: androidx.test.core.app.InstrumentationActivityInvoker$EmptyActivity@274eddd in: RESUMED
12-11 17:40:08.802 16749 16749 V ActivityScenario: Activity lifecycle changed event received but ignored because the intent does not match. startActivityIntent=Intent { act=android.intent.action.MAIN cat=[android.intent.category.LAUNCHER] flg=0x10008000 cmp=com.example.interview/.Login }, activity.getIntent()=Intent { act=android.intent.action.MAIN cat=[android.intent.category.LAUNCHER] flg=0x10000000 cmp=com.example.interview/androidx.test.core.app.InstrumentationActivityInvoker$EmptyActivity }, activity=androidx.test.core.app.InstrumentationActivityInvoker$EmptyActivity@274eddd
12-11 17:40:09.118 16749 16779 E OpenGLRenderer: Unable to match the desired swap behavior.
12-11 17:40:09.599 16749 16771 I OpenGLRenderer: Davey! duration=713ms; Flags=1, FrameTimelineVsyncId=4027383, IntendedVsync=5103877190486, Vsync=5103927190484, InputEventId=0, HandleInputStart=5103927308760, AnimationStart=5103927390760, PerformTraversalsStart=5103929433460, DrawStart=5104165261760, FrameDeadline=5103893857152, FrameInterval=5103927204160, FrameStartTime=16666666, SyncQueued=5104172642860, SyncStart=5104181018160, IssueDrawCommandsStart=5104188572260, SwapBuffers=5104190445560, FrameCompleted=5104598974760, DequeueBufferDuration=151700, QueueBufferDuration=3264400, GpuCompleted=5104598974760, SwapBuffersCompleted=5104590018460, DisplayPresentTime=13816909794446, CommandSubmissionCompleted=5104190445560,
12-11 17:40:09.599 16749 16779 D EGL_emulation: app_time_stats: avg=755.87ms min=491.19ms max=1277.90ms count=3
12-11 17:40:09.630   582   607 I ActivityTaskManager: Displayed com.example.interview/androidx.test.core.app.InstrumentationActivityInvoker$EmptyActivity for user 0: +1s208ms
12-11 17:40:09.663 16749 16771 I OpenGLRenderer: Davey! duration=786ms; Flags=1, FrameTimelineVsyncId=4027383, IntendedVsync=5103877190486, Vsync=5103927190484, InputEventId=0, HandleInputStart=5103927308760, AnimationStart=5103927390760, PerformTraversalsStart=5103929433460, DrawStart=5104603255260, FrameDeadline=5103893857152, FrameInterval=5103927204160, FrameStartTime=16666666, SyncQueued=5104606037760, SyncStart=5104611067260, IssueDrawCommandsStart=5104611427560, SwapBuffers=5104622721960, FrameCompleted=5104668482060, DequeueBufferDuration=74100, QueueBufferDuration=16267800, GpuCompleted=5104668482060, SwapBuffersCompleted=5104648661860, DisplayPresentTime=57983879578648581, CommandSubmissionCompleted=5104622721960,
12-11 17:40:09.690 16749 16749 I Choreographer: Skipped 42 frames!  The application may be doing too much work on its main thread.
12-11 17:40:09.882 16749 16749 D LifecycleMonitor: Lifecycle status change: com.example.interview.Login@2358fc0 in: STOPPED
12-11 17:40:09.885 16749 16749 V ActivityScenario: Update currentActivityStage to STOPPED, currentActivity=com.example.interview.Login@2358fc0
12-11 17:40:09.961 16749 16749 D LifecycleMonitor: Lifecycle status change: com.example.interview.Login@2358fc0 in: DESTROYED
12-11 17:40:09.961 16749 16749 V ActivityScenario: Update currentActivityStage to DESTROYED, currentActivity=null
12-11 17:40:09.966 16749 16749 W WindowOnBackDispatcher: sendCancelIfRunning: isInProgress=falsecallback=android.view.ViewRootImpl$$ExternalSyntheticLambda17@1f5996c
12-11 17:40:10.041   582  2456 W InputManager-JNI: Input channel object '33044cd com.example.interview/com.example.interview.Login (client)' was disposed without first being removed with the input manager!
12-11 17:40:10.085  5815  5815 D BoundBrokerSvc: onUnbind: Intent { act=com.google.android.mdd.service.START dat=chimera-action:/... cmp=com.google.android.gms/.chimera.GmsBoundBrokerService }
12-11 17:40:10.178   412   412 I BpBinder: onLastStrongRef automatically unlinking death recipients:
12-11 17:40:10.179   582  2456 I ImeTracker: com.example.interview:f197ad71: onRequestHide at ORIGIN_SERVER_HIDE_INPUT reason HIDE_UNSPECIFIED_WINDOW
12-11 17:40:10.180   582  2456 I ImeTracker: com.example.interview:f197ad71: onCancelled at PHASE_SERVER_SHOULD_HIDE
12-11 17:40:10.187  3340  3340 I GoogleInputMethodService: GoogleInputMethodService.onFinishInput():3227
12-11 17:40:10.195  3340  3340 I GoogleInputMethodService: GoogleInputMethodService.updateDeviceLockedStatus():2087 repeatCheckTimes = 0, unlocked = true
12-11 17:40:10.201  3340  3340 I GoogleInputMethodService: GoogleInputMethodService.onStartInput():1877 onStartInput(EditorInfo{inputType=0x0(NULL) imeOptions=0x0 privateImeOptions=null actionName=UNSPECIFIED actionLabel=null actionId=0 initialSelStart=-1 initialSelEnd=-1 initialCapsMode=0x0 hintText=null label=null packageName=com.example.interview fieldId=0 fieldName=null extras=null}, false)
12-11 17:40:10.202  3340  3340 I GoogleInputMethodService: GoogleInputMethodService.shouldHideHeaderOnInitialState():4008 ShouldHideHeaderOnInitialState = false
12-11 17:40:10.214  3340  3340 I GoogleInputMethodService: GoogleInputMethodService.updateDeviceLockedStatus():2087 repeatCheckTimes = 2, unlocked = true
12-11 17:40:10.249  3340  3340 I HardKeyTracker: HardKeyTracker.registerKeySequence():62 Register key sequence hox{callback=eac@2f3c180, lastModifier=0, keyCodes=[57, 57], actions=[1, 0]}
12-11 17:40:10.253  3340  3340 I HardKeyTracker: HardKeyTracker.registerKeySequence():62 Register key sequence hox{callback=eac@af5f75f, lastModifier=0, keyCodes=[58, 58], actions=[1, 0]}
12-11 17:40:10.267 16749 16749 D LifecycleMonitor: Lifecycle status change: androidx.test.core.app.InstrumentationActivityInvoker$EmptyActivity@274eddd in: PAUSED
12-11 17:40:10.275 16749 16749 V ActivityScenario: Activity lifecycle changed event received but ignored because the intent does not match. startActivityIntent=Intent { act=android.intent.action.MAIN cat=[android.intent.category.LAUNCHER] flg=0x10008000 cmp=com.example.interview/.Login }, activity.getIntent()=Intent { act=android.intent.action.MAIN cat=[android.intent.category.LAUNCHER] flg=0x10000000 cmp=com.example.interview/androidx.test.core.app.InstrumentationActivityInvoker$EmptyActivity }, activity=androidx.test.core.app.InstrumentationActivityInvoker$EmptyActivity@274eddd
12-11 17:40:10.405 16749 16777 E TestRunner: failed: testLoginSuccess(com.example.interview.ExampleInstrumentedTest)
12-11 17:40:10.406 16749 16777 E TestRunner: ----- begin exception -----
12-11 17:40:10.494  1722  2756 E OpenGLRenderer: Unable to match the desired swap behavior.
12-11 17:40:10.807   809   809 D StatusBarIconController: ignoring old pipeline callbacks, because the new mobile icons are enabled
12-11 17:40:10.841 16749 16777 E TestRunner: androidx.test.espresso.NoMatchingViewException: No views in hierarchy found matching: view.getId() is <2131296739/com.example.interview:id/search>
12-11 17:40:10.841 16749 16777 E TestRunner:
12-11 17:40:10.841 16749 16777 E TestRunner: View Hierarchy:
12-11 17:40:10.841 16749 16777 E TestRunner: +>DecorView{id=-1, visibility=VISIBLE, width=1440, height=3120, has-focus=true, has-focusable=true, has-window-focus=true, is-clickable=false, is-enabled=true, is-focused=false, is-focusable=false, is-layout-requested=false, is-selected=false, layout-params={(0,0)(fillxfill) ty=BASE_APPLICATION wanim=0x10302fe
12-11 17:40:10.841 16749 16777 E TestRunner:   fl=LAYOUT_IN_SCREEN LAYOUT_INSET_DECOR SPLIT_TOUCH HARDWARE_ACCELERATED DRAWS_SYSTEM_BAR_BACKGROUNDS
12-11 17:40:10.841 16749 16777 E TestRunner:   pfl=NO_MOVE_ANIMATION FORCE_DRAW_STATUS_BAR_BACKGROUND FIT_INSETS_CONTROLLED
12-11 17:40:10.841 16749 16777 E TestRunner:   bhv=DEFAULT
12-11 17:40:10.841 16749 16777 E TestRunner:   fitSides=}, tag=null, root-is-layout-requested=false, has-input-connection=false, x=0.0, y=0.0, child-count=3}
12-11 17:40:10.841 16749 16777 E TestRunner: |
12-11 17:40:10.841 16749 16777 E TestRunner: +->LinearLayout{id=-1, visibility=VISIBLE, width=1440, height=3036, has-focus=true, has-focusable=true, has-window-focus=true, is-clickable=false, is-enabled=true, is-focused=false, is-focusable=false, is-layout-requested=false, is-selected=false, layout-params=android.widget.FrameLayout$LayoutParams@YYYYYY, tag=null, root-is-layout-requested=false, has-input-connection=false, x=0.0, y=0.0, child-count=2}
12-11 17:40:10.841 16749 16777 E TestRunner: |
12-11 17:40:10.841 16749 16777 E TestRunner: +-->ViewStub{id=16908746, res-name=action_mode_bar_stub, visibility=GONE, width=0, height=0, has-focus=false, has-focusable=false, has-window-focus=true, is-clickable=false, is-enabled=true, is-focused=false, is-focusable=false, is-layout-requested=true, is-selected=false, layout-params=android.widget.LinearLayout$LayoutParams@YYYYYY, tag=null, root-is-layout-requested=false, has-input-connection=false, x=0.0, y=0.0}
12-11 17:40:10.841 16749 16777 E TestRunner: |
12-11 17:40:10.841 16749 16777 E TestRunner: +-->FrameLayout{id=-1, visibility=VISIBLE, width=1440, height=2892, has-focus=true, has-focusable=true, has-window-focus=true, is-clickable=false, is-enabled=true, is-focused=false, is-focusable=false, is-layout-requested=false, is-selected=false, layout-params=android.widget.LinearLayout$LayoutParams@YYYYYY, tag=null, root-is-layout-requested=false, has-input-connection=false, x=0.0, y=144.0, child-count=1}
12-11 17:40:10.841 16749 16777 E TestRunner: |
12-11 17:40:10.841 16749 16777 E TestRunner: +--->ActionBarOverlayLayout{id=2131296429, res-name=decor_content_parent, visibility=VISIBLE, width=1440, height=2892, has-focus=true, has-focusable=true, has-window-focus=true, is-clickable=false, is-enabled=true, is-focused=false, is-focusable=false, is-layout-requested=false, is-selected=false, layout-params=android.widget.FrameLayout$LayoutParams@YYYYYY, tag=null, root-is-layout-requested=false, has-input-connection=false, x=0.0, y=0.0, child-count=2}
12-11 17:40:10.841 16749 16777 E TestRunner: |
12-11 17:40:10.841 16749 16777 E TestRunner: +---->ContentFrameLayout{id=16908290, res-name=content, visibility=VISIBLE, width=1440, height=2696, has-focus=true, has-focusable=true, has-window-focus=true, is-clickable=false, is-enabled=true, is-focused=false, is-focusable=false, is-layout-requested=false, is-selected=false, layout-params=androidx.appcompat.widget.ActionBarOverlayLayout$LayoutParams@YYYYYY, tag=null, root-is-layout-requested=false, has-input-connection=false, x=0.0, y=196.0, child-count=1}
12-11 17:40:10.841 16749 16777 E TestRunner: |
12-11 17:40:10.841 16749 16777 E TestRunner: +----->RelativeLayout{id=-1, visibility=VISIBLE, width=1440, height=2696, has-focus=true, has-focusable=true, has-window-focus=true, is-clickable=false, is-enabled=true, is-focused=false, is-focusable=false, is-layout-requested=false, is-selected=false, layout-params=android.widget.FrameLayout$LayoutParams@YYYYYY, tag=null, root-is-layout-requested=false, has-input-connection=false, x=0.0, y=0.0, child-count=6}
12-11 17:40:10.841 16749 16777 E TestRunner: |
12-11 17:40:10.841 16749 16777 E TestRunner: +------>AppCompatTextView{id=2131296561, res-name=logoName, visibility=VISIBLE, width=528, height=233, has-focus=false, has-focusable=false, has-window-focus=true, is-clickable=false, is-enabled=true, is-focused=false, is-focusable=false, is-layout-requested=false, is-selected=false, layout-params=android.widget.RelativeLayout$LayoutParams@YYYYYY, tag=null, root-is-layout-requested=false, has-input-connection=false, x=786.0, y=126.0, text=goCart, input-type=0, ime-target=false, has-links=false}
12-11 17:40:10.841 16749 16777 E TestRunner: |
12-11 17:40:10.843 16749 16777 E TestRunner: +------>AppCompatImageView{id=2131296560, res-name=logo, desc=goCart Logo, visibility=VISIBLE, width=350, height=350, has-focus=false, has-focusable=false, has-window-focus=true, is-clickable=false, is-enabled=true, is-focused=false, is-focusable=false, is-layout-requested=false, is-selected=false, layout-params=android.widget.RelativeLayout$LayoutParams@YYYYYY, tag=null, root-is-layout-requested=false, has-input-connection=false, x=545.0, y=541.0}
12-11 17:40:10.843 16749 16777 E TestRunner: |
12-11 17:40:10.843 16749 16777 E TestRunner: +------>AppCompatEditText{id=2131296851, res-name=userid, desc=Enter User Id, visibility=VISIBLE, width=1258, height=190, has-focus=false, has-focusable=true, has-window-focus=true, is-clickable=true, is-enabled=true, is-focused=false, is-focusable=true, is-layout-requested=false, is-selected=false, layout-params=android.widget.RelativeLayout$LayoutParams@YYYYYY, tag=null, root-is-layout-requested=false, has-input-connection=true, editor-info=[inputType=0x21 imeOptions=0x8000005 privateImeOptions=null actionLabel=null actionId=0 initialSelStart=18 initialSelEnd=18 initialToolType=0 initialCapsMode=0x0 hintText=User Id label=null packageName=null autofillId=null fieldId=0 fieldName=null extras=Bundle[{android.support.text.emoji.emojiCompat_metadataVersion=9, android.support.text.emoji.emojiCompat_replaceAll=false}] hintLocales=null supportedHandwritingGestureTypes=SELECT|SELECT_RANGE|INSERT|DELETE|DELETE_RANGE|REMOVE_SPACE|JOIN_OR_SPLIT supportedHandwritingGesturePreviewTypes=SELECT|SELECT_RANGE|DELETE|DELETE_RANGE contentMimeTypes=null ], x=91.0, y=944.0, text=donapati@gmail.com, hint=User Id, input-type=33, ime-target=false, has-links=false}
12-11 17:40:10.843 16749 16777 E TestRunner: |
12-11 17:40:10.843 16749 16777 E TestRunner: +------>AppCompatEditText{id=2131296679, res-name=passwordid, visibility=VISIBLE, width=1258, height=190, has-focus=true, has-focusable=true, has-window-focus=true, is-clickable=true, is-enabled=true, is-focused=true, is-focusable=true, is-layout-requested=false, is-selected=false, layout-params=android.widget.RelativeLayout$LayoutParams@YYYYYY, tag=null, root-is-layout-requested=false, has-input-connection=true, editor-info=[inputType=0x81 imeOptions=0x4000006 privateImeOptions=null actionLabel=null actionId=0 initialSelStart=8 initialSelEnd=8 initialToolType=0 initialCapsMode=0x0 hintText=Password label=null packageName=null autofillId=null fieldId=0 fieldName=null extras=Bundle[{android.support.text.emoji.emojiCompat_metadataVersion=9, android.support.text.emoji.emojiCompat_replaceAll=false}] hintLocales=null supportedHandwritingGestureTypes=SELECT|SELECT_RANGE|INSERT|DELETE|DELETE_RANGE|REMOVE_SPACE|JOIN_OR_SPLIT supportedHandwritingGesturePreviewTypes=SELECT|SELECT_RANGE|DELETE|DELETE_RANGE contentMimeTypes=null ], x=91.0, y=1215.0, text=Siva@123, hint=Password, input-type=129, ime-target=true, has-links=false}
12-11 17:40:10.843 16749 16777 E TestRunner: |
12-11 17:40:10.843 16749 16777 E TestRunner: +------>AppCompatTextView{id=2131296712, res-name=register, desc=Double tap to register as new user, visibility=VISIBLE, width=1328, height=66, has-focus=false, has-focusable=true, has-window-focus=true, is-clickable=true, is-enabled=true, is-focused=false, is-focusable=true, is-layout-requested=false, is-selected=false, layout-params=android.widget.RelativeLayout$LayoutParams@YYYYYY, tag=null, root-is-layout-requested=false, has-input-connection=false, x=56.0, y=1433.0, text=New to goCart? Create an account, input-type=0, ime-target=false, has-links=false}
12-11 17:40:10.843 16749 16777 E TestRunner: |
12-11 17:40:10.843 16749 16777 E TestRunner: +------>AppCompatButton{id=2131296559, res-name=loginbtn, desc=Login Button to enter into application, visibility=VISIBLE, width=354, height=168, has-focus=false, has-focusable=true, has-window-focus=true, is-clickable=true, is-enabled=true, is-focused=false, is-focusable=true, is-layout-requested=false, is-selected=false, layout-params=android.widget.RelativeLayout$LayoutParams@YYYYYY, tag=null, root-is-layout-requested=false, has-input-connection=false, x=543.0, y=1552.0, text=Login, input-type=0, ime-target=false, has-links=false}
12-11 17:40:10.843 16749 16777 E TestRunner: |
12-11 17:40:10.845 16749 16777 E TestRunner: +---->ActionBarContainer{id=2131296310, res-name=action_bar_container, visibility=VISIBLE, width=1440, height=196, has-focus=false, has-focusable=false, has-window-focus=true, is-clickable=false, is-enabled=true, is-focused=false, is-focusable=false, is-layout-requested=false, is-selected=false, layout-params=androidx.appcompat.widget.ActionBarOverlayLayout$LayoutParams@YYYYYY, tag=null, root-is-layout-requested=false, has-input-connection=false, x=0.0, y=0.0, child-count=2}
12-11 17:40:10.845 16749 16777 E TestRunner: |
12-11 17:40:10.845 16749 16777 E TestRunner: +----->Toolbar{id=2131296308, res-name=action_bar, visibility=VISIBLE, width=1440, height=196, has-focus=false, has-focusable=false, has-window-focus=true, is-clickable=false, is-enabled=true, is-focused=false, is-focusable=false, is-layout-requested=false, is-selected=false, layout-params=android.widget.FrameLayout$LayoutParams@YYYYYY, tag=null, root-is-layout-requested=false, has-input-connection=false, x=0.0, y=0.0, child-count=2}
12-11 17:40:10.845 16749 16777 E TestRunner: |
12-11 17:40:10.845 16749 16777 E TestRunner: +------>AppCompatTextView{id=-1, visibility=VISIBLE, width=289, height=93, has-focus=false, has-focusable=false, has-window-focus=true, is-clickable=false, is-enabled=true, is-focused=false, is-focusable=false, is-layout-requested=false, is-selected=false, layout-params=androidx.appcompat.widget.Toolbar$LayoutParams@YYYYYY, tag=null, root-is-layout-requested=false, has-input-connection=false, x=56.0, y=51.0, text=Interview, input-type=0, ime-target=false, has-links=false}
12-11 17:40:10.845 16749 16777 E TestRunner: |
12-11 17:40:10.845 16749 16777 E TestRunner: +------>ActionMenuView{id=-1, visibility=VISIBLE, width=0, height=196, has-focus=false, has-focusable=false, has-window-focus=true, is-clickable=false, is-enabled=true, is-focused=false, is-focusable=false, is-layout-requested=false, is-selected=false, layout-params=androidx.appcompat.widget.Toolbar$LayoutParams@YYYYYY, tag=null, root-is-layout-requested=false, has-input-connection=false, x=1440.0, y=0.0, child-count=0}
12-11 17:40:10.845 16749 16777 E TestRunner: |
12-11 17:40:10.845 16749 16777 E TestRunner: +----->ActionBarContextView{id=2131296316, res-name=action_context_bar, visibility=GONE, width=0, height=0, has-focus=false, has-focusable=false, has-window-focus=true, is-clickable=false, is-enabled=true, is-focused=false, is-focusable=false, is-layout-requested=true, is-selected=false, layout-params=android.widget.FrameLayout$LayoutParams@YYYYYY, tag=null, root-is-layout-requested=false, has-input-connection=false, x=0.0, y=0.0, child-count=0}
12-11 17:40:10.845 16749 16777 E TestRunner: |
12-11 17:40:10.845 16749 16777 E TestRunner: +->View{id=16908336, res-name=navigationBarBackground, visibility=VISIBLE, width=1440, height=84, has-focus=false, has-focusable=false, has-window-focus=true, is-clickable=false, is-enabled=true, is-focused=false, is-focusable=false, is-layout-requested=false, is-selected=false, layout-params=android.widget.FrameLayout$LayoutParams@YYYYYY, tag=null, root-is-layout-requested=false, has-input-connection=false, x=0.0, y=3036.0}
12-11 17:40:10.845 16749 16777 E TestRunner: |
12-11 17:40:10.845 16749 16777 E TestRunner: +->View{id=16908335, res-name=statusBarBackground, visibility=VISIBLE, width=1440, height=144, has-focus=false, has-focusable=false, has-window-focus=true, is-clickable=false, is-enabled=true, is-focused=false, is-focusable=false, is-layout-requested=false, is-selected=false, layout-params=android.widget.FrameLayout$LayoutParams@YYYYYY, tag=null, root-is-layout-requested=false, has-input-connection=false, x=0.0, y=0.0}
12-11 17:40:10.845 16749 16777 E TestRunner: The complete view hierarchy is available in artifact file 'view-hierarchy-1.txt'.
12-11 17:40:10.845 16749 16777 E TestRunner: 	at androidx.test.espresso.NoMatchingViewException$Builder.build(NoMatchingViewException.java:5)
12-11 17:40:10.845 16749 16777 E TestRunner: 	at androidx.test.espresso.base.DefaultFailureHandler.lambda$getNoMatchingViewExceptionTruncater$0(DefaultFailureHandler.java:5)
12-11 17:40:10.845 16749 16777 E TestRunner: 	at androidx.test.espresso.base.DefaultFailureHandler$$ExternalSyntheticLambda1.truncateExceptionMessage(Unknown Source:2)
12-11 17:40:10.845 16749 16777 E TestRunner: 	at androidx.test.espresso.base.ViewHierarchyExceptionHandler.handleSafely(ViewHierarchyExceptionHandler.java:5)
12-11 17:40:10.845 16749 16777 E TestRunner: 	at androidx.test.espresso.base.ViewHierarchyExceptionHandler.handleSafely(ViewHierarchyExceptionHandler.java:1)
12-11 17:40:10.845 16749 16777 E TestRunner: 	at androidx.test.espresso.base.DefaultFailureHandler$TypedFailureHandler.handle(DefaultFailureHandler.java:4)
12-11 17:40:10.845 16749 16777 E TestRunner: 	at androidx.test.espresso.base.DefaultFailureHandler.handle(DefaultFailureHandler.java:5)
12-11 17:40:10.846 16749 16777 E TestRunner: 	at androidx.test.espresso.ViewInteraction.waitForAndHandleInteractionResults(ViewInteraction.java:8)
12-11 17:40:10.846 16749 16777 E TestRunner: 	at androidx.test.espresso.ViewInteraction.check(ViewInteraction.java:12)
12-11 17:40:10.846 16749 16777 E TestRunner: 	at com.example.interview.ExampleInstrumentedTest.testLoginSuccess(ExampleInstrumentedTest.kt:36)
12-11 17:40:10.846 16749 16777 E TestRunner: 	at java.lang.reflect.Method.invoke(Native Method)
12-11 17:40:10.846 16749 16777 E TestRunner: 	at org.junit.runners.model.FrameworkMethod$1.runReflectiveCall(FrameworkMethod.java:59)
12-11 17:40:10.846 16749 16777 E TestRunner: 	at org.junit.internal.runners.model.ReflectiveCallable.run(ReflectiveCallable.java:12)
12-11 17:40:10.846 16749 16777 E TestRunner: 	at org.junit.runners.model.FrameworkMethod.invokeExplosively(FrameworkMethod.java:56)
12-11 17:40:10.846 16749 16777 E TestRunner: 	at org.junit.internal.runners.statements.InvokeMethod.evaluate(InvokeMethod.java:17)
12-11 17:40:10.846 16749 16777 E TestRunner: 	at org.junit.rules.ExternalResource$1.evaluate(ExternalResource.java:54)
12-11 17:40:10.846 16749 16777 E TestRunner: 	at org.junit.runners.ParentRunner$3.evaluate(ParentRunner.java:306)
12-11 17:40:10.846 16749 16777 E TestRunner: 	at org.junit.runners.BlockJUnit4ClassRunner$1.evaluate(BlockJUnit4ClassRunner.java:100)
12-11 17:40:10.846 16749 16777 E TestRunner: 	at org.junit.runners.ParentRunner.runLeaf(ParentRunner.java:366)
12-11 17:40:10.846 16749 16777 E TestRunner: 	at org.junit.runners.BlockJUnit4ClassRunner.runChild(BlockJUnit4ClassRunner.java:103)
12-11 17:40:10.846 16749 16777 E TestRunner: 	at org.junit.runners.BlockJUnit4ClassRunner.runChild(BlockJUnit4ClassRunner.java:63)
12-11 17:40:10.846 16749 16777 E TestRunner: 	at org.junit.runners.ParentRunner$4.run(ParentRunner.java:331)
12-11 17:40:10.846 16749 16777 E TestRunner: 	at org.junit.runners.ParentRunner$1.schedule(ParentRunner.java:79)
12-11 17:40:10.846 16749 16777 E TestRunner: 	at org.junit.runners.ParentRunner.runChildren(ParentRunner.java:329)
12-11 17:40:10.846 16749 16777 E TestRunner: 	at org.junit.runners.ParentRunner.access$100(ParentRunner.java:66)
12-11 17:40:10.846 16749 16777 E TestRunner: 	at org.junit.runners.ParentRunner$2.evaluate(ParentRunner.java:293)
12-11 17:40:10.846 16749 16777 E TestRunner: 	at org.junit.runners.ParentRunner$3.evaluate(ParentRunner.java:306)
12-11 17:40:10.846 16749 16777 E TestRunner: 	at org.junit.runners.ParentRunner.run(ParentRunner.java:413)
12-11 17:40:10.846 16749 16777 E TestRunner: 	at androidx.test.ext.junit.runners.AndroidJUnit4.run(AndroidJUnit4.java:162)
12-11 17:40:10.846 16749 16777 E TestRunner: 	at org.junit.runners.Suite.runChild(Suite.java:128)
12-11 17:40:10.846 16749 16777 E TestRunner: 	at org.junit.runners.Suite.runChild(Suite.java:27)
12-11 17:40:10.846 16749 16777 E TestRunner: 	at org.junit.runners.ParentRunner$4.run(ParentRunner.java:331)
12-11 17:40:10.846 16749 16777 E TestRunner: 	at org.junit.runners.ParentRunner$1.schedule(ParentRunner.java:79)
12-11 17:40:10.846 16749 16777 E TestRunner: 	at org.junit.runners.ParentRunner.runChildren(ParentRunner.java:329)
12-11 17:40:10.846 16749 16777 E TestRunner: 	at org.junit.runners.ParentRunner.access$100(ParentRunner.java:66)
12-11 17:40:10.846 16749 16777 E TestRunner: 	at org.junit.runners.ParentRunner$2.evaluate(ParentRunner.java:293)
12-11 17:40:10.846 16749 16777 E TestRunner: 	at org.junit.runners.ParentRunner$3.evaluate(ParentRunner.java:306)
12-11 17:40:10.846 16749 16777 E TestRunner: 	at org.junit.runners.ParentRunner.run(ParentRunner.java:413)
12-11 17:40:10.846 16749 16777 E TestRunner: 	at org.junit.runner.JUnitCore.run(JUnitCore.java:137)
12-11 17:40:10.846 16749 16777 E TestRunner: 	at org.junit.runner.JUnitCore.run(JUnitCore.java:115)
12-11 17:40:10.846 16749 16777 E TestRunner: 	at androidx.test.internal.runner.TestExecutor.execute(TestExecutor.java:67)
12-11 17:40:10.846 16749 16777 E TestRunner: 	at androidx.test.internal.runner.TestExecutor.execute(TestExecutor.java:58)
12-11 17:40:10.846 16749 16777 E TestRunner: 	at androidx.test.runner.AndroidJUnitRunner.onStart(AndroidJUnitRunner.java:446)
12-11 17:40:10.846 16749 16777 E TestRunner: 	at android.app.Instrumentation$InstrumentationThread.run(Instrumentation.java:2402)
12-11 17:40:10.847 16749 16777 E TestRunner: ----- end exception -----
12-11 17:40:10.989 16749 16777 I TestRunner: finished: testLoginSuccess(com.example.interview.ExampleInstrumentedTest)
