12-11 17:39:48.929 16749 16777 I TestRunner: started: testLoginSuccess(com.example.interview.ExampleInstrumentedTest)
12-11 17:39:49.178 16749 16777 W Settings: Setting always_finish_activities has moved from android.provider.Settings.System to android.provider.Settings.Global, returning read-only value.
12-11 17:39:49.605   412   412 I BpBinder: onLastStrongRef automatically unlinking death recipients:
12-11 17:39:49.646  1544  1544 I GsaVoiceInteractionSrv: Handling ACTION_STOP_HOTWORD
12-11 17:39:49.648  1544  1980 E HwDetectorWithState: a: 3
12-11 17:39:49.754 16749 16782 D libEGL  : loaded /vendor/lib64/egl/libEGL_emulation.so
12-11 17:39:49.778   582   676 E RoleControllerManager: Error calling grantDefaultRoles()
12-11 17:39:49.778   582   676 E RoleControllerManager: java.util.concurrent.TimeoutException
12-11 17:39:49.778   582   676 E RoleControllerManager: 	at android.permission.jarjar.com.android.internal.infra.AndroidFuture.triggerTimeout(AndroidFuture.java:289)
12-11 17:39:49.778   582   676 E RoleControllerManager: 	at android.permission.jarjar.com.android.internal.infra.AndroidFuture$$ExternalSyntheticLambda1.run(Unknown Source:2)
12-11 17:39:49.778   582   676 E RoleControllerManager: 	at android.os.Handler.handleCallback(Handler.java:958)
12-11 17:39:49.778   582   676 E RoleControllerManager: 	at android.os.Handler.dispatchMessage(Handler.java:99)
12-11 17:39:49.778   582   676 E RoleControllerManager: 	at android.os.Looper.loopOnce(Looper.java:205)
12-11 17:39:49.778   582   676 E RoleControllerManager: 	at android.os.Looper.loop(Looper.java:294)
12-11 17:39:49.778   582   676 E RoleControllerManager: 	at com.android.server.SystemServer.run(SystemServer.java:970)
12-11 17:39:49.778   582   676 E RoleControllerManager: 	at com.android.server.SystemServer.main(SystemServer.java:664)
12-11 17:39:49.778   582   676 E RoleControllerManager: 	at java.lang.reflect.Method.invoke(Native Method)
12-11 17:39:49.778   582   676 E RoleControllerManager: 	at com.android.internal.os.RuntimeInit$MethodAndArgsCaller.run(RuntimeInit.java:552)
12-11 17:39:49.778   582   676 E RoleControllerManager: 	at com.android.internal.os.ZygoteInit.main(ZygoteInit.java:949)
12-11 17:39:49.778 16749 16782 D libEGL  : loaded /vendor/lib64/egl/libGLESv1_CM_emulation.so
12-11 17:39:49.793 16749 16782 D libEGL  : loaded /vendor/lib64/egl/libGLESv2_emulation.so
12-11 17:39:49.895   809   878 E OpenGLRenderer: Unable to match the desired swap behavior.
12-11 17:39:49.930   809   809 D StatusBarIconController: ignoring old pipeline callbacks, because the new mobile icons are enabled
12-11 17:39:49.976  1041  2181 D EGL_emulation: app_time_stats: avg=8031.70ms min=8031.70ms max=8031.70ms count=1
12-11 17:39:50.209 16749 16749 W ample.interview: Verification of void androidx.fragment.app.FragmentActivity.lambda$init$3$androidx-fragment-app-FragmentActivity(android.content.Context) took 292.888ms (23.90 bytecodes/s) (1552B approximate peak alloc)
12-11 17:39:50.418   809  1447 I OpenGLRenderer: Davey! duration=718ms; Flags=1, FrameTimelineVsyncId=4024800, IntendedVsync=5084510524594, Vsync=5084627191249, InputEventId=0, HandleInputStart=5084636559560, AnimationStart=5084636742460, PerformTraversalsStart=5084637070060, DrawStart=5084964137060, FrameDeadline=5084527191260, FrameInterval=5084634178760, FrameStartTime=16666665, SyncQueued=5084972852160, SyncStart=5085172352260, IssueDrawCommandsStart=5085174141860, SwapBuffers=5085174510660, FrameCompleted=5085428846960, DequeueBufferDuration=100400, QueueBufferDuration=3846000, GpuCompleted=5085428846960, SwapBuffersCompleted=5085184412660, DisplayPresentTime=0, CommandSubmissionCompleted=5085174510660,
12-11 17:39:50.957   809   809 D StatusBarIconController: ignoring old pipeline callbacks, because the new mobile icons are enabled
12-11 17:39:51.131 16749 16749 D AppCompatDelegate: Checking for metadata for AppLocalesMetadataHolderService : Service not found
12-11 17:39:51.257 16749 16749 D LifecycleMonitor: Lifecycle status change: com.example.interview.Login@2358fc0 in: PRE_ON_CREATE
12-11 17:39:51.265 16749 16749 V ActivityScenario: Activity lifecycle changed event received but ignored because the reported transition was not ON_CREATE while the last known transition was PRE_ON_CREATE
12-11 17:39:51.288  1329 16656 E RoleControllerServiceImpl: Default/fallback role holder package doesn't qualify for the role, package: com.google.android.gms.supervision, role: android.app.role.SYSTEM_SUPERVISION
12-11 17:39:51.317  1329 16656 I Role    : com.google.android.gms not qualified for android.app.role.SYSTEM_CALL_STREAMING due to missing RequiredComponent{mIntentFilterData=IntentFilterData{mAction='android.telecom.CallStreamingService', mCategories='[]', mDataScheme='null', mDataType='null'}, mMinTargetSdkVersion=1, mFlags='0', mPermission='android.permission.BIND_CALL_STREAMING_SERVICE', mQueryFlags=0, mMetaData=[]}
12-11 17:39:51.317  1329 16656 E RoleControllerServiceImpl: Default/fallback role holder package doesn't qualify for the role, package: com.google.android.gms, role: android.app.role.SYSTEM_CALL_STREAMING
12-11 17:39:51.357  1329 16656 W Role    : Default holder doesn't have required signing certificate: com.google.android.apps.work.clouddpc:23962F4B43B9857638EA66F4D419518EAE282491ACDA4B94707BD59003C45E58
12-11 17:39:51.906 16749 16749 W ample.interview: Accessing hidden method Landroid/view/View;->computeFitSystemWindows(Landroid/graphics/Rect;Landroid/graphics/Rect;)Z (unsupported, reflection, allowed)
12-11 17:39:51.906 16749 16749 W ample.interview: Accessing hidden method Landroid/view/ViewGroup;->makeOptionalFitsSystemWindows()V (unsupported, reflection, allowed)
12-11 17:39:51.968 16749 16749 D CompatibilityChangeReporter: Compat change id reported: 210923482; UID 10203; state: ENABLED
12-11 17:39:52.075   582   676 E RoleControllerManager: Error calling grantDefaultRoles()
12-11 17:39:52.075   582   676 E RoleControllerManager: java.util.concurrent.TimeoutException
12-11 17:39:52.075   582   676 E RoleControllerManager: 	at android.permission.jarjar.com.android.internal.infra.AndroidFuture.triggerTimeout(AndroidFuture.java:289)
12-11 17:39:52.075   582   676 E RoleControllerManager: 	at android.permission.jarjar.com.android.internal.infra.AndroidFuture$$ExternalSyntheticLambda1.run(Unknown Source:2)
12-11 17:39:52.075   582   676 E RoleControllerManager: 	at android.os.Handler.handleCallback(Handler.java:958)
12-11 17:39:52.075   582   676 E RoleControllerManager: 	at android.os.Handler.dispatchMessage(Handler.java:99)
12-11 17:39:52.075   582   676 E RoleControllerManager: 	at android.os.Looper.loopOnce(Looper.java:205)
12-11 17:39:52.075   582   676 E RoleControllerManager: 	at android.os.Looper.loop(Looper.java:294)
12-11 17:39:52.075   582   676 E RoleControllerManager: 	at com.android.server.SystemServer.run(SystemServer.java:970)
12-11 17:39:52.075   582   676 E RoleControllerManager: 	at com.android.server.SystemServer.main(SystemServer.java:664)
12-11 17:39:52.075   582   676 E RoleControllerManager: 	at java.lang.reflect.Method.invoke(Native Method)
12-11 17:39:52.075   582   676 E RoleControllerManager: 	at com.android.internal.os.RuntimeInit$MethodAndArgsCaller.run(RuntimeInit.java:552)
12-11 17:39:52.075   582   676 E RoleControllerManager: 	at com.android.internal.os.ZygoteInit.main(ZygoteInit.java:949)
12-11 17:39:52.523 16749 16749 D LifecycleMonitor: Lifecycle status change: com.example.interview.Login@2358fc0 in: CREATED
12-11 17:39:52.525 16749 16749 V ActivityScenario: Update currentActivityStage to CREATED, currentActivity=com.example.interview.Login@2358fc0
12-11 17:39:52.579 16749 16749 D LifecycleMonitor: Lifecycle status change: com.example.interview.Login@2358fc0 in: STARTED
12-11 17:39:52.581 16749 16749 V ActivityScenario: Update currentActivityStage to STARTED, currentActivity=com.example.interview.Login@2358fc0
12-11 17:39:52.606 16749 16749 D LifecycleMonitor: Lifecycle status change: com.example.interview.Login@2358fc0 in: RESUMED
12-11 17:39:52.607 16749 16749 V ActivityScenario: Update currentActivityStage to RESUMED, currentActivity=com.example.interview.Login@2358fc0
12-11 17:39:52.689 16749 16749 D CompatibilityChangeReporter: Compat change id reported: 237531167; UID 10203; state: DISABLED
12-11 17:39:52.698 16749 16749 W OpenGLRenderer: Unknown dataspace 0
12-11 17:39:52.908  1687  1951 E Finsky  : [56] rou.a(16): ItemStore: getItems RPC failed.
12-11 17:39:52.908  1687  1951 E Finsky  : [56] rou.a(16): ItemStore: getItems RPC failed.
12-11 17:39:52.934   412   427 W ServiceManagerCppClient: Permission failure: android.permission.ROTATE_SURFACE_FLINGER from uid=10203 pid=0
12-11 17:39:52.934   412   427 D PermissionCache: checking android.permission.ROTATE_SURFACE_FLINGER for uid=10203 => denied (1124 us)
12-11 17:39:52.935   412   790 W ServiceManagerCppClient: Permission failure: android.permission.ROTATE_SURFACE_FLINGER from uid=10203 pid=16749
12-11 17:39:52.935   412   790 D PermissionCache: checking android.permission.ROTATE_SURFACE_FLINGER for uid=10203 => denied (894 us)
12-11 17:39:52.936   412   427 W ServiceManagerCppClient: Permission failure: android.permission.INTERNAL_SYSTEM_WINDOW from uid=10203 pid=0
12-11 17:39:52.936   412   427 D PermissionCache: checking android.permission.INTERNAL_SYSTEM_WINDOW for uid=10203 => denied (1952 us)
12-11 17:39:52.938   412   427 W ServiceManagerCppClient: Permission failure: android.permission.ACCESS_SURFACE_FLINGER from uid=10203 pid=0
12-11 17:39:52.938   412   427 D PermissionCache: checking android.permission.ACCESS_SURFACE_FLINGER for uid=10203 => denied (1823 us)
12-11 17:39:52.942   412   790 W ServiceManagerCppClient: Permission failure: android.permission.INTERNAL_SYSTEM_WINDOW from uid=10203 pid=16749
12-11 17:39:52.942   412   790 D PermissionCache: checking android.permission.INTERNAL_SYSTEM_WINDOW for uid=10203 => denied (6632 us)
12-11 17:39:52.991 16749 16779 W OpenGLRenderer: Failed to choose config with EGL_SWAP_BEHAVIOR_PRESERVED, retrying without...
12-11 17:39:52.997 16749 16779 W OpenGLRenderer: Failed to initialize 101010-2 format, error = EGL_SUCCESS
12-11 17:39:53.145   160   160 I hwservicemanager: getTransport: Cannot find entry android.hardware.graphics.mapper@4.0::IMapper/default in either framework or device VINTF manifest.
12-11 17:39:53.146 16749 16779 I Gralloc4: mapper 4.x is not supported
12-11 17:39:53.214 16749 16779 E OpenGLRenderer: Unable to match the desired swap behavior.
12-11 17:39:53.573   582  2474 W ServiceManagerCppClient: Permission failure: android.permission.ROTATE_SURFACE_FLINGER from uid=10203 pid=0
12-11 17:39:53.574   582  2474 D PermissionCache: checking android.permission.ROTATE_SURFACE_FLINGER for uid=10203 => denied (527 us)
12-11 17:39:53.574   582  2474 W ServiceManagerCppClient: Permission failure: android.permission.INTERNAL_SYSTEM_WINDOW from uid=10203 pid=0
12-11 17:39:53.574   582  2474 D PermissionCache: checking android.permission.INTERNAL_SYSTEM_WINDOW for uid=10203 => denied (184 us)
12-11 17:39:53.574   582  2474 W ServiceManagerCppClient: Permission failure: android.permission.ACCESS_SURFACE_FLINGER from uid=10203 pid=0
12-11 17:39:53.574   582  2474 D PermissionCache: checking android.permission.ACCESS_SURFACE_FLINGER for uid=10203 => denied (243 us)
12-11 17:39:53.580   582   607 W ziparchive: Unable to open '/data/app/~~bR6PkTOcCiTEgEb6bfPMww==/com.example.interview-HXsqqF8TTMlpFOhX2jdr0g==/base.dm': No such file or directory
12-11 17:39:53.594   582   607 I ActivityTaskManager: Displayed com.example.interview/.Login for user 0: +4s335ms
12-11 17:39:53.612 16749 16769 I OpenGLRenderer: Davey! duration=825ms; Flags=1, FrameTimelineVsyncId=4025102, IntendedVsync=5087777191130, Vsync=5087793857796, InputEventId=0, HandleInputStart=5087801685160, AnimationStart=5087801937660, PerformTraversalsStart=5087802165760, DrawStart=5088260622860, FrameDeadline=5087793857796, FrameInterval=5087801382360, FrameStartTime=16666666, SyncQueued=5088278972860, SyncStart=5088309932460, IssueDrawCommandsStart=5088315252060, SwapBuffers=5088598135260, FrameCompleted=5088633256960, DequeueBufferDuration=217700, QueueBufferDuration=2035100, GpuCompleted=5088633256960, SwapBuffersCompleted=5088611277260, DisplayPresentTime=5910983102103554, CommandSubmissionCompleted=5088598135260,
12-11 17:39:53.911 16749 16749 I Choreographer: Skipped 65 frames!  The application may be doing too much work on its main thread.
12-11 17:39:53.963   809   845 W WindowOnBackDispatcher: sendCancelIfRunning: isInProgress=falsecallback=android.view.ViewRootImpl$$ExternalSyntheticLambda17@185557e
12-11 17:39:53.994   582  2352 W InputManager-JNI: Input channel object 'dbc3936 Splash Screen com.example.interview (client)' was disposed without first being removed with the input manager!
12-11 17:39:54.058 16749 16749 D CompatibilityChangeReporter: Compat change id reported: 163400105; UID 10203; state: ENABLED
12-11 17:39:54.078  1041  2304 D OneSearchSuggestProvider: Shut down the binder channel
12-11 17:39:54.082  1041  6602 I IPCThreadState: oneway function results for code 2 on binder at 0x7479184ffd60 will be dropped but finished with status UNKNOWN_TRANSACTION
12-11 17:39:54.086 16749 16780 I OpenGLRenderer: Davey! duration=1234ms; Flags=0, FrameTimelineVsyncId=4025125, IntendedVsync=5087860524460, Vsync=5088943857750, InputEventId=0, HandleInputStart=5089022321360, AnimationStart=5089022441360, PerformTraversalsStart=5089023148560, DrawStart=5089040139760, FrameDeadline=5088660524428, FrameInterval=5088951508560, FrameStartTime=16666666, SyncQueued=5089042502560, SyncStart=5089043781860, IssueDrawCommandsStart=5089055645760, SwapBuffers=5089063783760, FrameCompleted=5089096504660, DequeueBufferDuration=160800, QueueBufferDuration=1150500, GpuCompleted=5089096504660, SwapBuffersCompleted=5089075478360, DisplayPresentTime=56295003945041922, CommandSubmissionCompleted=5089063783760,
12-11 17:39:54.091 16749 16749 I AssistStructure: Flattened final assist data: 2004 bytes, containing 1 windows, 11 views
12-11 17:39:54.151  1041  1137 I ImeTracker: com.google.android.apps.nexuslauncher:b03747c5: onRequestHide at ORIGIN_CLIENT_HIDE_SOFT_INPUT reason HIDE_SOFT_INPUT
12-11 17:39:54.177   582  1357 I ImeTracker: com.example.interview:97cf292e: onRequestHide at ORIGIN_SERVER_HIDE_INPUT reason HIDE_UNSPECIFIED_WINDOW
12-11 17:39:54.197   582  1357 I ImeTracker: com.example.interview:97cf292e: onCancelled at PHASE_SERVER_SHOULD_HIDE
12-11 17:39:54.239  3340  3340 I GoogleInputMethodService: GoogleInputMethodService.onFinishInput():3227
12-11 17:39:54.246   582  2474 I ImeTracker: com.google.android.apps.nexuslauncher:b03747c5: onCancelled at PHASE_SERVER_CLIENT_FOCUSED
12-11 17:39:54.291  3340  3340 I GoogleInputMethodService: GoogleInputMethodService.updateDeviceLockedStatus():2087 repeatCheckTimes = 0, unlocked = true
12-11 17:39:54.322   582   676 E RoleControllerManager: Error calling grantDefaultRoles()
12-11 17:39:54.322   582   676 E RoleControllerManager: java.util.concurrent.TimeoutException
12-11 17:39:54.322   582   676 E RoleControllerManager: 	at android.permission.jarjar.com.android.internal.infra.AndroidFuture.triggerTimeout(AndroidFuture.java:289)
12-11 17:39:54.322   582   676 E RoleControllerManager: 	at android.permission.jarjar.com.android.internal.infra.AndroidFuture$$ExternalSyntheticLambda1.run(Unknown Source:2)
12-11 17:39:54.322   582   676 E RoleControllerManager: 	at android.os.Handler.handleCallback(Handler.java:958)
12-11 17:39:54.322   582   676 E RoleControllerManager: 	at android.os.Handler.dispatchMessage(Handler.java:99)
12-11 17:39:54.322   582   676 E RoleControllerManager: 	at android.os.Looper.loopOnce(Looper.java:205)
12-11 17:39:54.322   582   676 E RoleControllerManager: 	at android.os.Looper.loop(Looper.java:294)
12-11 17:39:54.322   582   676 E RoleControllerManager: 	at com.android.server.SystemServer.run(SystemServer.java:970)
12-11 17:39:54.322   582   676 E RoleControllerManager: 	at com.android.server.SystemServer.main(SystemServer.java:664)
12-11 17:39:54.322   582   676 E RoleControllerManager: 	at java.lang.reflect.Method.invoke(Native Method)
12-11 17:39:54.322   582   676 E RoleControllerManager: 	at com.android.internal.os.RuntimeInit$MethodAndArgsCaller.run(RuntimeInit.java:552)
12-11 17:39:54.322   582   676 E RoleControllerManager: 	at com.android.internal.os.ZygoteInit.main(ZygoteInit.java:949)
12-11 17:39:54.335  3340  3340 I GoogleInputMethodService: GoogleInputMethodService.onStartInput():1877 onStartInput(EditorInfo{inputType=0x0(NULL) imeOptions=0x0 privateImeOptions=null actionName=UNSPECIFIED actionLabel=null actionId=0 initialSelStart=-1 initialSelEnd=-1 initialCapsMode=0x0 hintText=null label=null packageName=com.example.interview fieldId=0 fieldName=null extras=null}, false)
12-11 17:39:54.354  3340  3340 I GoogleInputMethodService: GoogleInputMethodService.shouldHideHeaderOnInitialState():4008 ShouldHideHeaderOnInitialState = false
12-11 17:39:54.378 16749 16791 D ProfileInstaller: Installing profile for com.example.interview
12-11 17:39:54.428  3340  3340 I GoogleInputMethodService: GoogleInputMethodService.updateDeviceLockedStatus():2087 repeatCheckTimes = 2, unlocked = true
12-11 17:39:54.539  5764  5969 I FontLog : (REDACTED) Received query %s, URI %s
12-11 17:39:54.540  5764  5969 I FontLog : (REDACTED) Query [%s] resolved to %s
12-11 17:39:54.545  5764  5969 I FontLog : (REDACTED) Fetch %s end status %s
12-11 17:39:54.662  5764  5764 W AutofillChimeraService: Pending fill request while another request in the same session was triggered. [CONTEXT service_id=177 ]
12-11 17:39:54.747 16749 16791 W ample.interview: Verification of java.lang.Object androidx.concurrent.futures.AbstractResolvableFuture.getDoneValue(java.lang.Object) took 101.345ms (384.82 bytecodes/s) (2456B approximate peak alloc)
12-11 17:39:54.759  5764  5969 I FontLog : (REDACTED) Pulling font file for id = %d, cache size = %d
12-11 17:39:54.794  5815  5815 D BoundBrokerSvc: onBind: Intent { act=com.google.android.mdd.service.START dat=chimera-action:/... cmp=com.google.android.gms/.chimera.GmsBoundBrokerService }
12-11 17:39:54.799  5815  5815 D BoundBrokerSvc: Loading bound service for intent: Intent { act=com.google.android.mdd.service.START dat=chimera-action:/... cmp=com.google.android.gms/.chimera.GmsBoundBrokerService }
12-11 17:39:54.835  5764  5969 I FontLog : (REDACTED) Pulling font file for id = %d, cache size = %d
12-11 17:39:54.911  1088  1088 V InlineSuggestionRenderService: handleDestroySuggestionViews called for 0:605388076
12-11 17:39:54.940  5764  5969 I IPCThreadState: oneway function results for code 1 on binder at 0x74791867e830 will be dropped but finished with status UNKNOWN_TRANSACTION and reply parcel size 80
12-11 17:39:54.956 16749 16777 W FileTestStorage: Output properties is not supported.
12-11 17:39:54.967 16749 16777 I Tracing : Tracer added: class androidx.test.platform.tracing.AndroidXTracer
12-11 17:39:55.058 16749 16777 D CompatibilityChangeReporter: Compat change id reported: 247079863; UID 10203; state: ENABLED
12-11 17:39:55.111 16749 16777 D EventInjectionStrategy: Creating injection strategy with input manager.
12-11 17:39:55.114 16749 16777 W ample.interview: Accessing hidden method Landroid/hardware/input/InputManager;->getInstance()Landroid/hardware/input/InputManager; (unsupported, reflection, allowed)
12-11 17:39:55.129 16749 16777 W ample.interview: Accessing hidden method Landroid/hardware/input/InputManager;->injectInputEvent(Landroid/view/InputEvent;I)Z (unsupported, reflection, allowed)
12-11 17:39:55.131 16749 16777 W ample.interview: Accessing hidden field Landroid/hardware/input/InputManager;->INJECT_INPUT_EVENT_MODE_WAIT_FOR_FINISH:I (unsupported, reflection, allowed)
12-11 17:39:55.167  1329 16656 E RoleControllerServiceImpl: Default/fallback role holder package doesn't qualify for the role, package: com.google.android.gms.supervision, role: android.app.role.SYSTEM_SUPERVISION
12-11 17:39:55.192  1329 16656 I Role    : com.google.android.gms not qualified for android.app.role.SYSTEM_CALL_STREAMING due to missing RequiredComponent{mIntentFilterData=IntentFilterData{mAction='android.telecom.CallStreamingService', mCategories='[]', mDataScheme='null', mDataType='null'}, mMinTargetSdkVersion=1, mFlags='0', mPermission='android.permission.BIND_CALL_STREAMING_SERVICE', mQueryFlags=0, mMetaData=[]}
12-11 17:39:55.193  1329 16656 E RoleControllerServiceImpl: Default/fallback role holder package doesn't qualify for the role, package: com.google.android.gms, role: android.app.role.SYSTEM_CALL_STREAMING
12-11 17:39:55.199  1329 16656 W Role    : Default holder doesn't have required signing certificate: com.google.android.apps.work.clouddpc:23962F4B43B9857638EA66F4D419518EAE282491ACDA4B94707BD59003C45E58
12-11 17:39:55.354 16749 16777 W ample.interview: Accessing hidden method Landroid/view/ViewConfiguration;->getDoubleTapMinTime()I (unsupported, reflection, allowed)
12-11 17:39:55.476 16749 16749 W ample.interview: Accessing hidden method Landroid/os/MessageQueue;->next()Landroid/os/Message; (unsupported, reflection, allowed)
12-11 17:39:55.477 16749 16749 W ample.interview: Accessing hidden field Landroid/os/MessageQueue;->mMessages:Landroid/os/Message; (unsupported, reflection, allowed)
12-11 17:39:55.478 16749 16749 W ample.interview: Accessing hidden method Landroid/os/Message;->recycleUnchecked()V (unsupported, reflection, allowed)
12-11 17:39:55.529 16749 16749 W ample.interview: Accessing hidden method Landroid/view/WindowManagerGlobal;->getInstance()Landroid/view/WindowManagerGlobal; (unsupported, reflection, allowed)
12-11 17:39:55.529 16749 16749 W ample.interview: Accessing hidden field Landroid/view/WindowManagerGlobal;->mViews:Ljava/util/ArrayList; (unsupported, reflection, allowed)
12-11 17:39:55.529 16749 16749 W ample.interview: Accessing hidden field Landroid/view/WindowManagerGlobal;->mParams:Ljava/util/ArrayList; (unsupported, reflection, allowed)
12-11 17:39:55.589 16749 16749 I ViewInteraction: Performing 'type text(donapati@gmail.com)' action on view view.getId() is <2131296851/com.example.interview:id/userid>
12-11 17:39:55.683 16749 16779 D EGL_emulation: app_time_stats: avg=705.37ms min=256.87ms max=1401.55ms count=3
12-11 17:39:55.726  3340  3340 I GoogleInputMethodService: GoogleInputMethodService.onFinishInput():3227
12-11 17:39:55.731  3340  3340 I GoogleInputMethodService: GoogleInputMethodService.updateDeviceLockedStatus():2087 repeatCheckTimes = 0, unlocked = true
12-11 17:39:55.733  3340  3340 I GoogleInputMethodService: GoogleInputMethodService.onStartInput():1877 onStartInput(EditorInfo{inputType=0x21(EmailAddress) imeOptions=0x8000005 privateImeOptions=null actionName=NEXT actionLabel=null actionId=0 initialSelStart=0 initialSelEnd=0 initialCapsMode=0x0 hintText=non-empty label=null packageName=com.example.interview fieldId=2131296851 fieldName=null extras=null}, false)
12-11 17:39:55.737  3340  3340 I GoogleInputMethodService: GoogleInputMethodService.shouldHideHeaderOnInitialState():4008 ShouldHideHeaderOnInitialState = false
12-11 17:39:55.739  3340  3340 I GoogleInputMethodService: GoogleInputMethodService.updateDeviceLockedStatus():2087 repeatCheckTimes = 2, unlocked = true
12-11 17:39:55.747 16749 16749 I ImeTracker: com.example.interview:f0748c69: onRequestShow at ORIGIN_CLIENT_SHOW_SOFT_INPUT reason SHOW_SOFT_INPUT
12-11 17:39:55.751 16749 16749 D InputMethodManager: showSoftInput() view=androidx.appcompat.widget.AppCompatEditText{aa4d8d0 VFED..CL. .F.P..ID 91,944-1349,1134 #7f090253 app:id/userid aid=1073741824} flags=0 reason=SHOW_SOFT_INPUT
12-11 17:39:55.788  3340  3340 I DeviceModeUtil: DeviceModeUtil.getDeviceMode():122 Get device mode phone by ui mode:1 and smallestScreenWidthDp:411
12-11 17:39:55.801  3340  3340 I GoogleInputMethodService: GoogleInputMethodService.onStartInputView():1995 onStartInputView(EditorInfo{inputType=0x21(EmailAddress) imeOptions=0x8000005 privateImeOptions=null actionName=NEXT actionLabel=null actionId=0 initialSelStart=0 initialSelEnd=0 initialCapsMode=0x0 hintText=non-empty label=null packageName=com.example.interview fieldId=2131296851 fieldName=null extras=null}, false)
12-11 17:39:55.818  3340  3340 I GoogleInputMethodService: GoogleInputMethodService.updateDeviceLockedStatus():2087 repeatCheckTimes = 2, unlocked = true
12-11 17:39:55.838  3340  3340 W ModuleManager: ModuleManager.loadModule():450 Module erj is not available
12-11 17:39:55.854  3340  3340 I KeyboardViewUtil: KeyboardViewUtil.getKeyboardHeightRatio():189 systemKeyboardHeightRatio:1.000000; userKeyboardHeightRatio:1.000000.
12-11 17:39:55.856  3340  3340 I AndroidIME: AbstractIme.onActivate():86 LatinIme.onActivate() : EditorInfo = inputType=0x21(EmailAddress) imeOptions=0x8000005 privateImeOptions=null actionName=NEXT actionLabel=null actionId=0 initialSelStart=0 initialSelEnd=0 initialCapsMode=0x0 hintText=non-empty label=null packageName=com.example.interview fieldId=2131296851 fieldName=null extras=null, IncognitoMode = false, DeviceLocked = false
12-11 17:39:55.878  3340  3340 I Delight5Facilitator: Delight5Facilitator.initializeForIme():777 initializeForIme() : Locale = [en_US], layout = qwerty
12-11 17:39:55.931  3340  3340 I VoiceInputManagerWrapper: VoiceInputManagerWrapper.cancelShutdown():55 cancelShutdown()
12-11 17:39:55.936  3340  3340 I VoiceInputManagerWrapper: VoiceInputManagerWrapper.syncLanguagePacks():67 syncLanguagePacks()
12-11 17:39:55.942  3340  3340 I LatinIme: LatinIme.updateEnableInlineSuggestionsOnDecoderSideFlags():1003 inline flag updated to:false
12-11 17:39:55.951  3340  7433 I SpeechFactory: SpeechRecognitionFactory.maybeScheduleAutoPackDownloadForFallback():205 maybeScheduleAutoPackDownloadForFallback()
12-11 17:39:55.959  3340  7433 I FallbackOnDeviceRecognitionProvider: FallbackOnDeviceRecognitionProvider.maybeScheduleAutoPackDownload():195 maybeScheduleAutoPackDownload() for language tag en-US
12-11 17:39:55.979  3340  3340 I KeyboardWrapper: KeyboardWrapper.consumeEvent():275 Skip consuming an event as current keyboard is deactivated (state=0, keyboard existence=true)
12-11 17:39:55.986  3340  3450 I DeviceModeUtil: DeviceModeUtil.getDeviceMode():122 Get device mode phone by ui mode:1 and smallestScreenWidthDp:411
12-11 17:39:56.070  3340  3340 I KeyboardViewHelper: KeyboardViewHelper.getView():170 Get view with height ratio:1.000000
12-11 17:39:56.128  3340  3340 I KeyboardViewUtil: KeyboardViewUtil.calculateMaxKeyboardBodyHeight():40 leave 473 height for app when screen height:2952, header height:154 and isFullscreenMode:false, so the max keyboard body height is:2325
12-11 17:39:56.133  3340  3340 I DeviceModeUtil: DeviceModeUtil.getDeviceMode():122 Get device mode phone by ui mode:1 and smallestScreenWidthDp:411
12-11 17:39:56.135  3340  3340 I GoogleInputMethodService: GoogleInputMethodService.setKeyboardViewShown():3483 setKeyboardViewShown() : type = HEADER, shownType = SHOW_OPTIONAL
12-11 17:39:56.136  3340  3340 I GoogleInputMethodService: GoogleInputMethodService.setKeyboardViewShown():3530 setKeyboardViewShown() : shouldShow = true
12-11 17:39:56.136  3340  3340 I GoogleInputMethodService: GoogleInputMethodService.setKeyboardViewShown():3483 setKeyboardViewShown() : type = BODY, shownType = SHOW_MANDATORY
12-11 17:39:56.137  3340  3340 I GoogleInputMethodService: GoogleInputMethodService.setKeyboardViewShown():3530 setKeyboardViewShown() : shouldShow = true
12-11 17:39:56.138  3340  3340 I GoogleInputMethodService: GoogleInputMethodService.setKeyboardViewShown():3483 setKeyboardViewShown() : type = FLOATING_CANDIDATES, shownType = HIDE
12-11 17:39:56.140  3340  3340 I GoogleInputMethodService: GoogleInputMethodService.setKeyboardViewShown():3530 setKeyboardViewShown() : shouldShow = false
12-11 17:39:56.145  3340  3340 I KeyboardViewUtil: KeyboardViewUtil.calculateMaxKeyboardBodyHeight():40 leave 473 height for app when screen height:2952, header height:154 and isFullscreenMode:false, so the max keyboard body height is:2325
12-11 17:39:56.149  3340  3340 I DeviceModeUtil: DeviceModeUtil.getDeviceMode():122 Get device mode phone by ui mode:1 and smallestScreenWidthDp:411
12-11 17:39:56.153  3340  3340 I DeviceModeUtil: DeviceModeUtil.getDeviceMode():122 Get device mode phone by ui mode:1 and smallestScreenWidthDp:411
12-11 17:39:56.156  3340  3340 I DeviceModeUtil: DeviceModeUtil.getDeviceMode():122 Get device mode phone by ui mode:1 and smallestScreenWidthDp:411
12-11 17:39:56.156  3340  3340 I KeyboardModeManager: KeyboardModeManager.setInputView():364 setInputView() : supportsOneHandedMode=true
12-11 17:39:56.160  3340  3340 I NormalModeController: NormalModeController.getKeyboardBodyViewHolderPaddingBottom():116 currentPrimeKeyboardType:SOFT systemPaddingBottom:-1
12-11 17:39:56.161  3340  3340 I NormalModeController: NormalModeController.getKeyboardBodyViewHolderPaddingBottom():116 currentPrimeKeyboardType:SOFT systemPaddingBottom:-1
12-11 17:39:56.161 16749 16749 D UiControllerImpl: Injecting string: "donapati@gmail.com"
12-11 17:39:56.169  3340  3340 I KeyboardModeManager: KeyboardModeManager.setInputView():356 setInputView() : entry=hwn{languageTag=en-US, variant=qwerty, hasLocalizedResources=true, conditionCacheKey=_device=phone_device_size=default_enable_adaptive_text_editing=true_enable_inline_suggestions_on_client_side=false_enable_large_tablet_batch_1=false_enable_large_tablet_batch_2=false_enable_more_candidates_view_for_multilingual=false_enable_nav_redesign=false_enable_number_row=false_enable_preemptive_decode=true_enable_secondary_symbols=false_expressions=normal_four_or_more_letter_rows=false_keyboard_mode=normal_language=en-US_orientation=portrait_physical_keyboard=qwerty_show_secondary_digits=true_show_suggestions=true_split_with_duplicate_keys=true_variant=qwerty, imeDef.stringId=ime_english_united_states, imeDef.className=com.google.android.apps.inputmethod.libs.latin5.LatinIme, imeDef.languageTag=en-US}
12-11 17:39:56.187  3340  3340 I CurrentMicStatusHolder: CurrentMicStatusHolder.onStartInputView():79 Current Mic status = {MicIconHidden-EmailInputType,}
12-11 17:39:56.189  3340  3340 I VoiceImeExtension: VoiceImeExtension.shouldStartVoiceInputAutomatically():383 No private IME option set to start voice input.
12-11 17:39:56.222  5815  5815 D BoundBrokerSvc: onBind: Intent { act=com.google.firebase.dynamiclinks.service.START pkg=com.google.android.gms }
12-11 17:39:56.222  5815  5815 D BoundBrokerSvc: Loading bound service for intent: Intent { act=com.google.firebase.dynamiclinks.service.START pkg=com.google.android.gms }
12-11 17:39:56.405  5815  5815 D BoundBrokerSvc: onUnbind: Intent { act=com.google.android.gms.feedback.internal.IFeedbackService dat=chimera-action:/... cmp=com.google.android.gms/.chimera.GmsBoundBrokerService }
12-11 17:39:56.442  3340  3586 E OpenGLRenderer: Unable to match the desired swap behavior.
12-11 17:39:56.609  3340  4094 I OpenGLRenderer: Davey! duration=751ms; Flags=1, FrameTimelineVsyncId=4025493, IntendedVsync=5090860524340, Vsync=5091243857658, InputEventId=0, HandleInputStart=5091257243860, AnimationStart=5091257315560, PerformTraversalsStart=5091257445160, DrawStart=5091490072560, FrameDeadline=5090877191006, FrameInterval=5091252051560, FrameStartTime=16666666, SyncQueued=5091500439360, SyncStart=5091524200960, IssueDrawCommandsStart=5091534915060, SwapBuffers=5091561903760, FrameCompleted=5091635997360, DequeueBufferDuration=58298400, QueueBufferDuration=4834500, GpuCompleted=5091576969660, SwapBuffersCompleted=5091635997360, DisplayPresentTime=0, CommandSubmissionCompleted=5091561903760,
12-11 17:39:56.627  3340  3340 W TextView: onProvideContentCaptureStructure(): calling assumeLayout()
12-11 17:39:56.627  3340  3340 W TextView: onProvideContentCaptureStructure(): calling assumeLayout()
12-11 17:39:56.628  3340  3340 W TextView: onProvideContentCaptureStructure(): calling assumeLayout()
12-11 17:39:56.629  3340  3340 W TextView: onProvideContentCaptureStructure(): calling assumeLayout()
12-11 17:39:56.629  3340  3340 W TextView: onProvideContentCaptureStructure(): calling assumeLayout()
12-11 17:39:56.629  3340  3340 W TextView: onProvideContentCaptureStructure(): calling assumeLayout()
12-11 17:39:56.630  3340  3340 W TextView: onProvideContentCaptureStructure(): calling assumeLayout()
12-11 17:39:56.634  3340  3340 W TextView: onProvideContentCaptureStructure(): calling assumeLayout()
12-11 17:39:56.634  3340  3340 W TextView: onProvideContentCaptureStructure(): calling assumeLayout()
12-11 17:39:56.635  3340  3340 W TextView: onProvideContentCaptureStructure(): calling assumeLayout()
12-11 17:39:56.638  3340  3340 W TextView: onProvideContentCaptureStructure(): calling assumeLayout()
12-11 17:39:56.650  3340  3340 I DeviceModeUtil: DeviceModeUtil.getDeviceMode():122 Get device mode phone by ui mode:1 and smallestScreenWidthDp:411
12-11 17:39:56.659  3340  3340 I DeviceModeUtil: DeviceModeUtil.getDeviceMode():122 Get device mode phone by ui mode:1 and smallestScreenWidthDp:411
12-11 17:39:56.661  3340  3340 I NormalModeController: NormalModeController.getKeyboardBodyViewHolderPaddingBottom():116 currentPrimeKeyboardType:SOFT systemPaddingBottom:-1
12-11 17:39:56.666  3340  3622 I Delight5Decoder: Delight5DecoderWrapper.setKeyboardLayout():457 setKeyboardLayout()
12-11 17:39:56.673 16749 16749 D InsetsController: show(ime(), fromIme=true)
12-11 17:39:56.678  3340  3340 W TooltipLifecycleManager: TooltipLifecycleManager.dismissTooltips():159 Tooltip with id spell_check_add_to_dictionary not found in tooltipManager.
12-11 17:39:56.690  3340  3622 I Delight5Decoder: Delight5DecoderWrapper.setKeyboardLayout():457 setKeyboardLayout()
12-11 17:39:56.942  3340  3340 W TooltipLifecycleManager: TooltipLifecycleManager.dismissTooltips():159 Tooltip with id spell_check_add_to_dictionary not found in tooltipManager.
12-11 17:39:56.962  5815  5815 D BoundBrokerSvc: onBind: Intent { act=com.google.android.gms.common.BIND_SHARED_PREFS pkg=com.google.android.gms }
12-11 17:39:56.962  5815  5815 D BoundBrokerSvc: Loading bound service for intent: Intent { act=com.google.android.gms.common.BIND_SHARED_PREFS pkg=com.google.android.gms }
12-11 17:39:57.005  3340  3340 I GoogleInputMethodService: GoogleInputMethodService.setKeyboardViewShown():3483 setKeyboardViewShown() : type = HEADER, shownType = SHOW_MANDATORY_WITH_ANIMATION
12-11 17:39:57.009  3340  3340 I GoogleInputMethodService: GoogleInputMethodService.setKeyboardViewShown():3530 setKeyboardViewShown() : shouldShow = true
12-11 17:39:57.062  5815  5815 D BoundBrokerSvc: onUnbind: Intent { act=com.google.android.gms.common.BIND_SHARED_PREFS pkg=com.google.android.gms }
12-11 17:39:57.168 16749 16779 D EGL_emulation: app_time_stats: avg=370.74ms min=108.89ms max=741.10ms count=4
12-11 17:39:57.229  5815  5815 D BoundBrokerSvc: onBind: Intent { act=com.google.android.gms.common.BIND_SHARED_PREFS pkg=com.google.android.gms }
12-11 17:39:57.229  5815  5815 D BoundBrokerSvc: Loading bound service for intent: Intent { act=com.google.android.gms.common.BIND_SHARED_PREFS pkg=com.google.android.gms }
12-11 17:39:57.259  5815  5815 D BoundBrokerSvc: onUnbind: Intent { act=com.google.android.gms.common.BIND_SHARED_PREFS pkg=com.google.android.gms }
12-11 17:39:57.465  3340  3340 I GoogleInputMethodService: GoogleInputMethodService.setKeyboardViewShown():3483 setKeyboardViewShown() : type = HEADER, shownType = SHOW_MANDATORY_WITH_ANIMATION
12-11 17:39:57.467  3340  3340 I GoogleInputMethodService: GoogleInputMethodService.setKeyboardViewShown():3530 setKeyboardViewShown() : shouldShow = true
12-11 17:39:57.511   809   878 D EGL_emulation: app_time_stats: avg=12497.95ms min=9.72ms max=124188.46ms count=10
12-11 17:39:57.581  3340  3340 W InputConnectionWrapper: InputConnectionWrapper.recordDuration():1451 IPC IC_GET_SURROUNDING_TEXT took 105 ms
12-11 17:39:57.582 16749 16749 I ImeTracker: com.example.interview:f0748c69: onShown
12-11 17:39:57.766  3340  3340 I GoogleInputMethodService: GoogleInputMethodService.setKeyboardViewShown():3483 setKeyboardViewShown() : type = HEADER, shownType = SHOW_MANDATORY_WITH_ANIMATION
12-11 17:39:57.767  3340  3340 I GoogleInputMethodService: GoogleInputMethodService.setKeyboardViewShown():3530 setKeyboardViewShown() : shouldShow = true
12-11 17:39:57.971  3340  3340 W InputConnectionWrapper: InputConnectionWrapper.recordDuration():1451 IPC IC_GET_SURROUNDING_TEXT took 182 ms
12-11 17:39:58.091  3340  3586 D EGL_emulation: app_time_stats: avg=281.10ms min=52.95ms max=471.23ms count=5
12-11 17:39:58.188  3340  3340 W InputConnectionWrapper: InputConnectionWrapper.recordDuration():1451 IPC IC_GET_SURROUNDING_TEXT took 125 ms
12-11 17:39:58.375 16749 16779 D EGL_emulation: app_time_stats: avg=299.07ms min=129.47ms max=417.65ms count=4
12-11 17:39:58.397  3340  3340 W InputConnectionWrapper: InputConnectionWrapper.recordDuration():1451 IPC IC_GET_SURROUNDING_TEXT took 101 ms
12-11 17:39:58.536   809   878 D EGL_emulation: app_time_stats: avg=32.83ms min=7.37ms max=81.32ms count=24
12-11 17:39:58.648  3340  3340 W TooltipLifecycleManager: TooltipLifecycleManager.dismissTooltips():159 Tooltip with id spell_check_add_to_dictionary not found in tooltipManager.
12-11 17:39:58.659  3340  3622 I native  : I0000 00:00:1702296598.205793    3622 input-context-store.cc:255] Ignoring stale client request for FetchSuggestions
12-11 17:39:58.774  3340  3340 W InputContextProxyV4: InputContextProxyV4.applyClientDiffInternal():897 Ignore [FetchSuggestions] diff due to stale request: 1232<1234, inputStateId=1179, lastInputStateId=1179
12-11 17:39:58.932  3340  3340 W InputConnectionWrapper: InputConnectionWrapper.recordDuration():1451 IPC IC_GET_SURROUNDING_TEXT took 122 ms
12-11 17:39:59.095  3340  3622 I native  : I0000 00:00:1702296598.568312    3622 input-context-store.cc:255] Ignoring stale client request for FetchSuggestions
12-11 17:39:59.098  3340  3340 W InputContextProxyV4: InputContextProxyV4.applyClientDiffInternal():897 Ignore [FetchSuggestions] diff due to stale request: 1234<1235, inputStateId=1180, lastInputStateId=1180
12-11 17:39:59.234  3340  3340 I GoogleInputMethodService: GoogleInputMethodService.setKeyboardViewShown():3483 setKeyboardViewShown() : type = HEADER, shownType = SHOW_MANDATORY_WITH_ANIMATION
12-11 17:39:59.241  3340  3340 I GoogleInputMethodService: GoogleInputMethodService.setKeyboardViewShown():3530 setKeyboardViewShown() : shouldShow = true
12-11 17:39:59.327  3340  3586 D EGL_emulation: app_time_stats: avg=1234.07ms min=1234.07ms max=1234.07ms count=1
12-11 17:39:59.520 16749 16779 D EGL_emulation: app_time_stats: avg=378.75ms min=271.87ms max=582.86ms count=3
12-11 17:39:59.534  3340  3340 I GoogleInputMethodService: GoogleInputMethodService.setKeyboardViewShown():3483 setKeyboardViewShown() : type = HEADER, shownType = SHOW_MANDATORY_WITH_ANIMATION
12-11 17:39:59.534  3340  3340 I GoogleInputMethodService: GoogleInputMethodService.setKeyboardViewShown():3530 setKeyboardViewShown() : shouldShow = true
12-11 17:39:59.686  3340  3340 W TooltipLifecycleManager: TooltipLifecycleManager.dismissTooltips():159 Tooltip with id spell_check_add_to_dictionary not found in tooltipManager.
12-11 17:39:59.745  3340  3340 W InputContextProxyV4: InputContextProxyV4.applyClientDiffInternal():897 Ignore [FetchSuggestions] diff due to stale request: 1240<1241, inputStateId=1185, lastInputStateId=1184
12-11 17:39:59.749  3340  3340 I GoogleInputMethodService: GoogleInputMethodService.setKeyboardViewShown():3483 setKeyboardViewShown() : type = HEADER, shownType = SHOW_MANDATORY_WITH_ANIMATION
12-11 17:39:59.750  3340  3340 I GoogleInputMethodService: GoogleInputMethodService.setKeyboardViewShown():3530 setKeyboardViewShown() : shouldShow = true
12-11 17:40:00.066  1523  1850 I AiAiEcho: Predicting[0]:
12-11 17:40:00.069  1523  1850 I AiAiEcho: EchoTargets:
12-11 17:40:00.069  1523  1850 I AiAiEcho: Filtered by AiAi flag check:
12-11 17:40:00.071  1523  1850 I AiAiEcho: Ranked targets strategy: SORT, count: 0, ranking metadata:
12-11 17:40:00.082  1523  1850 I AiAiEcho: #postPredictionTargets: Sending updates to UISurface lockscreen with targets# 0 (types=[])
12-11 17:40:00.142   809   809 W PageIndicator: Total number of pages invalid: 0. Assuming 1 page.
12-11 17:40:00.165   809   878 D skia    : Shader compilation error
12-11 17:40:00.165   809   878 D skia    : ------------------------
12-11 17:40:00.165   809   878 D skia    :    1	#version 300 es
12-11 17:40:00.165   809   878 D skia    :    2
12-11 17:40:00.165   809   878 D skia    :    3	#extension GL_EXT_shader_framebuffer_fetch : require
12-11 17:40:00.165   809   878 D skia    :    4	precision mediump float;
12-11 17:40:00.165   809   878 D skia    :    5	precision mediump sampler2D;
12-11 17:40:00.166   809   878 D skia    :    6	inout mediump vec4 sk_FragColor;
12-11 17:40:00.166   809   878 D skia    :    7	uniform mediump vec4 ublend_S1;
12-11 17:40:00.166   809   878 D skia    :    8	flat in mediump vec4 vcolor_S0;
12-11 17:40:00.166   809   878 D skia    :    9	in highp float vcoverage_S0;
12-11 17:40:00.166   809   878 D skia    :   10	void main() {
12-11 17:40:00.166   809   878 D skia    :   11	    mediump vec4 outputColor_S0;
12-11 17:40:00.166   809   878 D skia    :   12	    outputColor_S0 = vcolor_S0;
12-11 17:40:00.166   809   878 D skia    :   13	    highp float coverage = vcoverage_S0;
12-11 17:40:00.166   809   878 D skia    :   14	    mediump vec4 outputCoverage_S0 = vec4(coverage);
12-11 17:40:00.166   809   878 D skia    :   15	    {
12-11 17:40:00.167   809   878 D skia    :   16	        mediump vec4 _dstColor = sk_FragColor;
12-11 17:40:00.167   809   878 D skia    :   17	        mediump vec2 _0_d = ublend_S1.xy + ublend_S1.zw * (vec2(_dstColor.w, outputColor_S0.w) + min(ublend_S1.zw, 0.0));
12-11 17:40:00.167   809   878 D skia    :   18	        sk_FragColor = min(vec4(1.0), outputColor_S0 * _0_d.x + _dstColor * _0_d.y);
12-11 17:40:00.167   809   878 D skia    :   19	        sk_FragColor = outputCoverage_S0 * sk_FragColor + (vec4(1.0) - outputCoverage_S0) * _dstColor;
12-11 17:40:00.169   809   878 D skia    :   20	    }
12-11 17:40:00.169   809   878 D skia    :   21	}
12-11 17:40:00.169   809   878 D skia    :   22
12-11 17:40:00.169   809   878 D skia    : Errors:
12-11 17:40:00.170   809   878 D skia    : ERROR: 0:6: 'inout' : invalid qualifier: can be only used with function parameters
12-11 17:40:00.170   809   878 D skia    :
12-11 17:40:00.190   809   878 D EGL_emulation: app_time_stats: avg=49422.43ms min=49422.43ms max=49422.43ms count=1
12-11 17:40:00.551 16749 16779 D EGL_emulation: app_time_stats: avg=113.10ms min=63.85ms max=217.22ms count=9
12-11 17:40:00.760   809   809 D StatusBarIconController: ignoring old pipeline callbacks, because the new mobile icons are enabled
12-11 17:40:00.843 16749 16749 I ViewInteraction: Performing 'type text(Siva@123)' action on view view.getId() is <2131296679/com.example.interview:id/passwordid>
12-11 17:40:00.934   582  2352 I ImeTracker: com.example.interview:6e77b91f: onRequestShow at ORIGIN_SERVER_START_INPUT reason ATTACH_NEW_INPUT
12-11 17:40:00.935  3340  3340 I GoogleInputMethodService: GoogleInputMethodService.onFinishInputView():2241
12-11 17:40:00.938  3340  3340 W TooltipLifecycleManager: TooltipLifecycleManager.dismissTooltips():159 Tooltip with id spell_check_add_to_dictionary not found in tooltipManager.
12-11 17:40:00.947  3340  3340 I InputBundle: InputBundle.consumeEvent():923 Skip consuming an event as keyboard status is 0
12-11 17:40:00.957 16749 16749 I ImeTracker: com.example.interview:93e1553e: onRequestShow at ORIGIN_CLIENT_SHOW_SOFT_INPUT reason SHOW_SOFT_INPUT
12-11 17:40:00.959 16749 16749 D InputMethodManager: showSoftInput() view=androidx.appcompat.widget.AppCompatEditText{31fe0c9 VFED..CL. .F.P..ID 91,1215-1349,1405 #7f0901a7 app:id/passwordid aid=1073741825} flags=0 reason=SHOW_SOFT_INPUT
12-11 17:40:00.965  3340  3340 I KeyboardWrapper: KeyboardWrapper.consumeEvent():275 Skip consuming an event as current keyboard is deactivated (state=0, keyboard existence=true)
12-11 17:40:00.971  3340  3340 I VoiceInputManagerWrapper: VoiceInputManagerWrapper.shutdown():77 shutdown()
12-11 17:40:00.985  3340  3340 I AndroidIME: AbstractIme.onDeactivate():207 LatinIme.onDeactivate()
12-11 17:40:00.997  3340  3340 I GoogleInputMethodService: GoogleInputMethodService.onFinishInput():3227
12-11 17:40:01.018  3340  3340 I GoogleInputMethodService: GoogleInputMethodService.updateDeviceLockedStatus():2087 repeatCheckTimes = 0, unlocked = true
12-11 17:40:01.019  3340  3340 I GoogleInputMethodService: GoogleInputMethodService.onStartInput():1877 onStartInput(EditorInfo{inputType=0x81(Password) imeOptions=0x4000006 privateImeOptions=null actionName=DONE actionLabel=null actionId=0 initialSelStart=0 initialSelEnd=0 initialCapsMode=0x0 hintText=non-empty label=null packageName=com.example.interview fieldId=2131296679 fieldName=null extras=Bundle[mParcelledData.dataSize=240]}, false)
12-11 17:40:01.047  3340  3340 I GoogleInputMethodService: GoogleInputMethodService.shouldHideHeaderOnInitialState():4008 ShouldHideHeaderOnInitialState = false
12-11 17:40:01.049  3340  5529 E native  : E0000 00:00:1702296600.765691    5529 keyboard.cc:27] Cannot create a keyboard with 0 valid keys
12-11 17:40:01.054  3340  3340 I GoogleInputMethodService: GoogleInputMethodService.updateDeviceLockedStatus():2087 repeatCheckTimes = 2, unlocked = true
12-11 17:40:01.065  3340  3340 I HardKeyTracker: HardKeyTracker.unregisterKeySequence():88 Unregister key sequence hox{callback=bxi@8c54839, lastModifier=0, keyCodes=[57, 57], actions=[1, 0]}
12-11 17:40:01.077 16749 16749 W WindowOnBackDispatcher: sendCancelIfRunning: isInProgress=falsecallback=ImeCallback=ImeOnBackInvokedCallback@108964865 Callback=android.window.IOnBackInvokedCallback$Stub$Proxy@5058448
12-11 17:40:01.083  3340  3340 I HardKeyTracker: HardKeyTracker.unregisterKeySequence():88 Unregister key sequence hox{callback=bxi@8c54839, lastModifier=0, keyCodes=[58, 58], actions=[1, 0]}
12-11 17:40:01.095  3340  3340 I GoogleInputMethodService: GoogleInputMethodService.onStartInputView():1995 onStartInputView(EditorInfo{inputType=0x81(Password) imeOptions=0x4000006 privateImeOptions=null actionName=DONE actionLabel=null actionId=0 initialSelStart=0 initialSelEnd=0 initialCapsMode=0x0 hintText=non-empty label=null packageName=com.example.interview fieldId=2131296679 fieldName=null extras=Bundle[{android.support.text.emoji.emojiCompat_metadataVersion=9, android.support.text.emoji.emojiCompat_replaceAll=false}]}, false)
12-11 17:40:01.106  3340  3340 I GoogleInputMethodService: GoogleInputMethodService.updateDeviceLockedStatus():2087 repeatCheckTimes = 2, unlocked = true
12-11 17:40:01.107  3340  3340 W ModuleManager: ModuleManager.loadModule():450 Module erj is not available
12-11 17:40:01.123  3340  3450 I DeviceModeUtil: DeviceModeUtil.getDeviceMode():122 Get device mode phone by ui mode:1 and smallestScreenWidthDp:411
12-11 17:40:01.150  3340  3340 I KeyboardViewUtil: KeyboardViewUtil.getKeyboardHeightRatio():189 systemKeyboardHeightRatio:1.000000; userKeyboardHeightRatio:1.000000.
12-11 17:40:01.152  3340  3340 I AndroidIME: AbstractIme.onActivate():86 PasswordIme.onActivate() : EditorInfo = inputType=0x81(Password) imeOptions=0x4000006 privateImeOptions=null actionName=DONE actionLabel=null actionId=0 initialSelStart=0 initialSelEnd=0 initialCapsMode=0x0 hintText=non-empty label=null packageName=com.example.interview fieldId=2131296679 fieldName=null extras=Bundle[{android.support.text.emoji.emojiCompat_metadataVersion=9, android.support.text.emoji.emojiCompat_replaceAll=false}], IncognitoMode = false, DeviceLocked = false
12-11 17:40:01.165  3340  3340 I KeyboardViewHelper: KeyboardViewHelper.getView():170 Get view with height ratio:1.000000
12-11 17:40:01.193  3340  3340 I KeyboardViewUtil: KeyboardViewUtil.calculateMaxKeyboardBodyHeight():40 leave 473 height for app when screen height:2952, header height:154 and isFullscreenMode:false, so the max keyboard body height is:2325
12-11 17:40:01.194  3340  3340 I GoogleInputMethodService: GoogleInputMethodService.setKeyboardViewShown():3483 setKeyboardViewShown() : type = HEADER, shownType = SHOW_MANDATORY
12-11 17:40:01.195  3340  3340 I GoogleInputMethodService: GoogleInputMethodService.setKeyboardViewShown():3530 setKeyboardViewShown() : shouldShow = true
12-11 17:40:01.195  3340  3340 I GoogleInputMethodService: GoogleInputMethodService.setKeyboardViewShown():3483 setKeyboardViewShown() : type = BODY, shownType = SHOW_MANDATORY
12-11 17:40:01.195  3340  3340 I GoogleInputMethodService: GoogleInputMethodService.setKeyboardViewShown():3530 setKeyboardViewShown() : shouldShow = true
12-11 17:40:01.195  3340  3340 I GoogleInputMethodService: GoogleInputMethodService.setKeyboardViewShown():3483 setKeyboardViewShown() : type = FLOATING_CANDIDATES, shownType = HIDE
12-11 17:40:01.195  3340  3340 I GoogleInputMethodService: GoogleInputMethodService.setKeyboardViewShown():3530 setKeyboardViewShown() : shouldShow = false
12-11 17:40:01.199  3340  3340 I KeyboardViewUtil: KeyboardViewUtil.calculateMaxKeyboardBodyHeight():40 leave 473 height for app when screen height:2952, header height:154 and isFullscreenMode:false, so the max keyboard body height is:2325
12-11 17:40:01.206  3340  3340 I DeviceModeUtil: DeviceModeUtil.getDeviceMode():122 Get device mode phone by ui mode:1 and smallestScreenWidthDp:411
12-11 17:40:01.209  3340  3340 I DeviceModeUtil: DeviceModeUtil.getDeviceMode():122 Get device mode phone by ui mode:1 and smallestScreenWidthDp:411
